Component: ARM Compiler 5.06 update 7 (build 960) Tool: armlink [4d3601]

==============================================================================

Section Cross References

    startup_stm32l051xx.o(RESET) refers to startup_stm32l051xx.o(STACK) for __initial_sp
    startup_stm32l051xx.o(RESET) refers to startup_stm32l051xx.o(.text) for Reset_Handler
    startup_stm32l051xx.o(RESET) refers to stm32l0xx_it.o(i.NMI_Handler) for NMI_Handler
    startup_stm32l051xx.o(RESET) refers to stm32l0xx_it.o(i.HardFault_Handler) for HardFault_Handler
    startup_stm32l051xx.o(RESET) refers to stm32l0xx_it.o(i.SVC_Handler) for SVC_Handler
    startup_stm32l051xx.o(RESET) refers to stm32l0xx_it.o(i.PendSV_Handler) for PendSV_Handler
    startup_stm32l051xx.o(RESET) refers to stm32l0xx_it.o(i.SysTick_Handler) for SysTick_Handler
    startup_stm32l051xx.o(RESET) refers to stm32l0xx_it.o(i.EXTI2_3_IRQHandler) for EXTI2_3_IRQHandler
    startup_stm32l051xx.o(RESET) refers to stm32l0xx_it.o(i.EXTI4_15_IRQHandler) for EXTI4_15_IRQHandler
    startup_stm32l051xx.o(RESET) refers to stm32l0xx_it.o(i.TIM6_IRQHandler) for TIM6_IRQHandler
    startup_stm32l051xx.o(RESET) refers to stm32l0xx_it.o(i.USART1_IRQHandler) for USART1_IRQHandler
    startup_stm32l051xx.o(RESET) refers to stm32l0xx_it.o(i.LPUART1_IRQHandler) for LPUART1_IRQHandler
    startup_stm32l051xx.o(.text) refers to system_stm32l0xx.o(i.SystemInit) for SystemInit
    startup_stm32l051xx.o(.text) refers to entry.o(.ARM.Collect$$$$00000000) for __main
    main.o(i.ADC_Init) refers to stm32l0xx_hal_adc.o(i.HAL_ADC_Init) for HAL_ADC_Init
    main.o(i.ADC_Init) refers to stm32l0xx_hal_adc.o(i.HAL_ADC_ConfigChannel) for HAL_ADC_ConfigChannel
    main.o(i.ADC_Init) refers to main.o(.bss) for .bss
    main.o(i.ADC_Init) refers to main.o(.data) for .data
    main.o(i.GPIO_Init) refers to stm32l0xx_hal_gpio.o(i.HAL_GPIO_Init) for HAL_GPIO_Init
    main.o(i.GPIO_Init) refers to stm32l0xx_hal_gpio.o(i.HAL_GPIO_WritePin) for HAL_GPIO_WritePin
    main.o(i.GPIO_Init) refers to stm32l0xx_hal_cortex.o(i.HAL_NVIC_EnableIRQ) for HAL_NVIC_EnableIRQ
    main.o(i.GPIO_Init) refers to stm32l0xx_hal_cortex.o(i.HAL_NVIC_SetPriority) for HAL_NVIC_SetPriority
    main.o(i.LPUART_RS485) refers to stm32l0xx_hal_uart.o(i.HAL_UART_Init) for HAL_UART_Init
    main.o(i.LPUART_RS485) refers to stm32l0xx_hal_cortex.o(i.HAL_NVIC_EnableIRQ) for HAL_NVIC_EnableIRQ
    main.o(i.LPUART_RS485) refers to stm32l0xx_hal_cortex.o(i.HAL_NVIC_SetPriority) for HAL_NVIC_SetPriority
    main.o(i.LPUART_RS485) refers to main.o(.bss) for .bss
    main.o(i.SystemClock_Config) refers to memseta.o(.text) for __aeabi_memclr4
    main.o(i.SystemClock_Config) refers to stm32l0xx_hal_rcc.o(i.HAL_RCC_OscConfig) for HAL_RCC_OscConfig
    main.o(i.SystemClock_Config) refers to stm32l0xx_hal_rcc.o(i.HAL_RCC_ClockConfig) for HAL_RCC_ClockConfig
    main.o(i.SystemClock_Config) refers to stm32l0xx_hal_rcc_ex.o(i.HAL_RCCEx_PeriphCLKConfig) for HAL_RCCEx_PeriphCLKConfig
    main.o(i.TIM2_Init) refers to stm32l0xx_hal_tim.o(i.HAL_TIM_Base_Init) for HAL_TIM_Base_Init
    main.o(i.TIM2_Init) refers to stm32l0xx_hal_tim.o(i.HAL_TIM_ConfigClockSource) for HAL_TIM_ConfigClockSource
    main.o(i.TIM2_Init) refers to stm32l0xx_hal_tim.o(i.HAL_TIM_PWM_Init) for HAL_TIM_PWM_Init
    main.o(i.TIM2_Init) refers to stm32l0xx_hal_tim_ex.o(i.HAL_TIMEx_MasterConfigSynchronization) for HAL_TIMEx_MasterConfigSynchronization
    main.o(i.TIM2_Init) refers to stm32l0xx_hal_tim.o(i.HAL_TIM_PWM_ConfigChannel) for HAL_TIM_PWM_ConfigChannel
    main.o(i.TIM2_Init) refers to main.o(.bss) for .bss
    main.o(i.TIM6_Init) refers to stm32l0xx_hal_tim.o(i.HAL_TIM_Base_Init) for HAL_TIM_Base_Init
    main.o(i.TIM6_Init) refers to stm32l0xx_hal_cortex.o(i.HAL_NVIC_EnableIRQ) for HAL_NVIC_EnableIRQ
    main.o(i.TIM6_Init) refers to stm32l0xx_hal_cortex.o(i.HAL_NVIC_SetPriority) for HAL_NVIC_SetPriority
    main.o(i.TIM6_Init) refers to main.o(.bss) for .bss
    main.o(i.USB_UART_Init) refers to stm32l0xx_hal_uart.o(i.HAL_UART_Init) for HAL_UART_Init
    main.o(i.USB_UART_Init) refers to stm32l0xx_hal_cortex.o(i.HAL_NVIC_SetPriority) for HAL_NVIC_SetPriority
    main.o(i.USB_UART_Init) refers to stm32l0xx_hal_cortex.o(i.HAL_NVIC_EnableIRQ) for HAL_NVIC_EnableIRQ
    main.o(i.USB_UART_Init) refers to main.o(.bss) for .bss
    main.o(i.main) refers to stm32l0xx_hal.o(i.HAL_Init) for HAL_Init
    main.o(i.main) refers to main.o(i.SystemClock_Config) for SystemClock_Config
    main.o(i.main) refers to main.o(i.GPIO_Init) for GPIO_Init
    main.o(i.main) refers to main.o(i.USB_UART_Init) for USB_UART_Init
    main.o(i.main) refers to main.o(i.LPUART_RS485) for LPUART_RS485
    main.o(i.main) refers to main.o(i.ADC_Init) for ADC_Init
    main.o(i.main) refers to main.o(i.TIM2_Init) for TIM2_Init
    main.o(i.main) refers to main.o(i.TIM6_Init) for TIM6_Init
[...]
    Removing stm32l0xx_hal_lptim.o(i.HAL_LPTIM_Encoder_Stop_IT), (64 bytes).
    Removing stm32l0xx_hal_lptim.o(i.HAL_LPTIM_GetState), (6 bytes).
    Removing stm32l0xx_hal_lptim.o(i.HAL_LPTIM_IRQHandler), (202 bytes).
    Removing stm32l0xx_hal_lptim.o(i.HAL_LPTIM_Init), (176 bytes).
    Removing stm32l0xx_hal_lptim.o(i.HAL_LPTIM_MspDeInit), (2 bytes).
    Removing stm32l0xx_hal_lptim.o(i.HAL_LPTIM_MspInit), (2 bytes).
    Removing stm32l0xx_hal_lptim.o(i.HAL_LPTIM_OnePulse_Start), (92 bytes).
    Removing stm32l0xx_hal_lptim.o(i.HAL_LPTIM_OnePulse_Start_IT), (172 bytes).
    Removing stm32l0xx_hal_lptim.o(i.HAL_LPTIM_OnePulse_Stop), (30 bytes).
    Removing stm32l0xx_hal_lptim.o(i.HAL_LPTIM_OnePulse_Stop_IT), (92 bytes).
    Removing stm32l0xx_hal_lptim.o(i.HAL_LPTIM_PWM_Start), (96 bytes).
    Removing stm32l0xx_hal_lptim.o(i.HAL_LPTIM_PWM_Start_IT), (172 bytes).
    Removing stm32l0xx_hal_lptim.o(i.HAL_LPTIM_PWM_Stop), (30 bytes).
    Removing stm32l0xx_hal_lptim.o(i.HAL_LPTIM_PWM_Stop_IT), (92 bytes).
    Removing stm32l0xx_hal_lptim.o(i.HAL_LPTIM_ReadAutoReload), (6 bytes).
    Removing stm32l0xx_hal_lptim.o(i.HAL_LPTIM_ReadCompare), (6 bytes).
    Removing stm32l0xx_hal_lptim.o(i.HAL_LPTIM_ReadCounter), (6 bytes).
    Removing stm32l0xx_hal_lptim.o(i.HAL_LPTIM_SetOnce_Start), (92 bytes).
    Removing stm32l0xx_hal_lptim.o(i.HAL_LPTIM_SetOnce_Start_IT), (172 bytes).
    Removing stm32l0xx_hal_lptim.o(i.HAL_LPTIM_SetOnce_Stop), (30 bytes).
    Removing stm32l0xx_hal_lptim.o(i.HAL_LPTIM_SetOnce_Stop_IT), (92 bytes).
    Removing stm32l0xx_hal_lptim.o(i.HAL_LPTIM_TimeOut_Start), (96 bytes).
    Removing stm32l0xx_hal_lptim.o(i.HAL_LPTIM_TimeOut_Start_IT), (136 bytes).
    Removing stm32l0xx_hal_lptim.o(i.HAL_LPTIM_TimeOut_Stop), (44 bytes).
    Removing stm32l0xx_hal_lptim.o(i.HAL_LPTIM_TimeOut_Stop_IT), (68 bytes).
    Removing stm32l0xx_hal_lptim.o(i.HAL_LPTIM_TriggerCallback), (2 bytes).
    Removing stm32l0xx_hal_lptim.o(i.LPTIM_Disable), (224 bytes).
    Removing stm32l0xx_hal_lptim.o(i.LPTIM_WaitForFlag), (56 bytes).
    Removing stm32l0xx_hal_usart.o(.rev16_text), (4 bytes).
    Removing stm32l0xx_hal_usart.o(.revsh_text), (4 bytes).
    Removing stm32l0xx_hal_usart.o(i.HAL_USART_Abort), (158 bytes).
    Removing stm32l0xx_hal_usart.o(i.HAL_USART_AbortCpltCallback), (2 bytes).
    Removing stm32l0xx_hal_usart.o(i.HAL_USART_Abort_IT), (196 bytes).
    Removing stm32l0xx_hal_usart.o(i.HAL_USART_DMAPause), (112 bytes).
    Removing stm32l0xx_hal_usart.o(i.HAL_USART_DMAResume), (90 bytes).
    Removing stm32l0xx_hal_usart.o(i.HAL_USART_DMAStop), (96 bytes).
    Removing stm32l0xx_hal_usart.o(i.HAL_USART_DeInit), (50 bytes).
    Removing stm32l0xx_hal_usart.o(i.HAL_USART_ErrorCallback), (2 bytes).
    Removing stm32l0xx_hal_usart.o(i.HAL_USART_GetError), (4 bytes).
    Removing stm32l0xx_hal_usart.o(i.HAL_USART_GetState), (6 bytes).
    Removing stm32l0xx_hal_usart.o(i.HAL_USART_IRQHandler), (396 bytes).
    Removing stm32l0xx_hal_usart.o(i.HAL_USART_Init), (178 bytes).
    Removing stm32l0xx_hal_usart.o(i.HAL_USART_MspDeInit), (2 bytes).
    Removing stm32l0xx_hal_usart.o(i.HAL_USART_MspInit), (2 bytes).
    Removing stm32l0xx_hal_usart.o(i.HAL_USART_Receive), (276 bytes).
    Removing stm32l0xx_hal_usart.o(i.HAL_USART_Receive_DMA), (232 bytes).
    Removing stm32l0xx_hal_usart.o(i.HAL_USART_Receive_IT), (196 bytes).
    Removing stm32l0xx_hal_usart.o(i.HAL_USART_RxCpltCallback), (2 bytes).
    Removing stm32l0xx_hal_usart.o(i.HAL_USART_RxHalfCpltCallback), (2 bytes).
    Removing stm32l0xx_hal_usart.o(i.HAL_USART_Transmit), (226 bytes).
    Removing stm32l0xx_hal_usart.o(i.HAL_USART_TransmitReceive), (436 bytes).
    Removing stm32l0xx_hal_usart.o(i.HAL_USART_TransmitReceive_DMA), (264 bytes).
    Removing stm32l0xx_hal_usart.o(i.HAL_USART_TransmitReceive_IT), (228 bytes).
    Removing stm32l0xx_hal_usart.o(i.HAL_USART_Transmit_DMA), (160 bytes).
    Removing stm32l0xx_hal_usart.o(i.HAL_USART_Transmit_IT), (116 bytes).
    Removing stm32l0xx_hal_usart.o(i.HAL_USART_TxCpltCallback), (2 bytes).
    Removing stm32l0xx_hal_usart.o(i.HAL_USART_TxHalfCpltCallback), (2 bytes).
    Removing stm32l0xx_hal_usart.o(i.HAL_USART_TxRxCpltCallback), (2 bytes).
    Removing stm32l0xx_hal_usart.o(i.USART_DMAAbortOnError), (16 bytes).
    Removing stm32l0xx_hal_usart.o(i.USART_DMAError), (38 bytes).
    Removing stm32l0xx_hal_usart.o(i.USART_DMAReceiveCplt), (108 bytes).
    Removing stm32l0xx_hal_usart.o(i.USART_DMARxAbortCallback), (46 bytes).
    Removing stm32l0xx_hal_usart.o(i.USART_DMARxHalfCplt), (10 bytes).
    Removing stm32l0xx_hal_usart.o(i.USART_DMATransmitCplt), (62 bytes).
    Removing stm32l0xx_hal_usart.o(i.USART_DMATxAbortCallback), (46 bytes).
    Removing stm32l0xx_hal_usart.o(i.USART_DMATxHalfCplt), (10 bytes).
    Removing stm32l0xx_hal_usart.o(i.USART_EndTransfer), (30 bytes).
    Removing stm32l0xx_hal_usart.o(i.USART_RxISR_16BIT), (120 bytes).
    Removing stm32l0xx_hal_usart.o(i.USART_RxISR_8BIT), (120 bytes).
    Removing stm32l0xx_hal_usart.o(i.USART_SetConfig), (260 bytes).
    Removing stm32l0xx_hal_usart.o(i.USART_TxISR_16BIT), (66 bytes).
    Removing stm32l0xx_hal_usart.o(i.USART_TxISR_8BIT), (62 bytes).
    Removing stm32l0xx_hal_usart.o(i.USART_WaitOnFlagUntilTimeout), (74 bytes).
    Removing stm32l0xx_hal_iwdg.o(.rev16_text), (4 bytes).
    Removing stm32l0xx_hal_iwdg.o(.revsh_text), (4 bytes).
    Removing system_stm32l0xx.o(.rev16_text), (4 bytes).
    Removing system_stm32l0xx.o(.revsh_text), (4 bytes).
    Removing system_stm32l0xx.o(i.SystemCoreClockUpdate), (156 bytes).
    Removing dadd.o(.text), (360 bytes).
    Removing dmul.o(.text), (208 bytes).
    Removing ddiv.o(.text), (240 bytes).
    Removing dfixul.o(.text), (64 bytes).
    Removing cdrcmple.o(.text), (40 bytes).
    Removing depilogue.o(.text), (190 bytes).
    Removing depilogue.o(i.__ARM_clz), (46 bytes).

560 unused section(s) (total 42100 bytes) removed from the image.

==============================================================================

Image Symbol Table

    Local Symbols

    Symbol Name                              Value     Ov Type        Size  Object(Section)

    ../Core/Src/main.c                       0x00000000   Number         0  main.o ABSOLUTE
    ../Core/Src/stm32l0xx_hal_msp.c          0x00000000   Number         0  stm32l0xx_hal_msp.o ABSOLUTE
    ../Core/Src/stm32l0xx_it.c               0x00000000   Number         0  stm32l0xx_it.o ABSOLUTE
    ../Core/Src/system_stm32l0xx.c           0x00000000   Number         0  system_stm32l0xx.o ABSOLUTE
    ../Drivers/STM32L0xx_HAL_Driver/Src/stm32l0xx_hal.c 0x00000000   Number         0  stm32l0xx_hal.o ABSOLUTE
    ../Drivers/STM32L0xx_HAL_Driver/Src/stm32l0xx_hal_cortex.c 0x00000000   Number         0  stm32l0xx_hal_cortex.o ABSOLUTE
    ../Drivers/STM32L0xx_HAL_Driver/Src/stm32l0xx_hal_dma.c 0x00000000   Number         0  stm32l0xx_hal_dma.o ABSOLUTE
    ../Drivers/STM32L0xx_HAL_Driver/Src/stm32l0xx_hal_exti.c 0x00000000   Number         0  stm32l0xx_hal_exti.o ABSOLUTE
    ../Drivers/STM32L0xx_HAL_Driver/Src/stm32l0xx_hal_flash.c 0x00000000   Number         0  stm32l0xx_hal_flash.o ABSOLUTE
    ../Drivers/STM32L0xx_HAL_Driver/Src/stm32l0xx_hal_flash_ex.c 0x00000000   Number         0  stm32l0xx_hal_flash_ex.o ABSOLUTE
    ../Drivers/STM32L0xx_HAL_Driver/Src/stm32l0xx_hal_flash_ramfunc.c 0x00000000   Number         0  stm32l0xx_hal_flash_ramfunc.o ABSOLUTE
    ../Drivers/STM32L0xx_HAL_Driver/Src/stm32l0xx_hal_gpio.c 0x00000000   Number         0  stm32l0xx_hal_gpio.o ABSOLUTE
    ../Drivers/STM32L0xx_HAL_Driver/Src/stm32l0xx_hal_i2c.c 0x00000000   Number         0  stm32l0xx_hal_i2c.o ABSOLUTE
    ../Drivers/STM32L0xx_HAL_Driver/Src/stm32l0xx_hal_i2c_ex.c 0x00000000   Number         0  stm32l0xx_hal_i2c_ex.o ABSOLUTE
    ../Drivers/STM32L0xx_HAL_Driver/Src/stm32l0xx_hal_pwr.c 0x00000000   Number         0  stm32l0xx_hal_pwr.o ABSOLUTE
    ../Drivers/STM32L0xx_HAL_Driver/Src/stm32l0xx_hal_pwr_ex.c 0x00000000   Number         0  stm32l0xx_hal_pwr_ex.o ABSOLUTE
    ../Drivers/STM32L0xx_HAL_Driver/Src/stm32l0xx_hal_rcc.c 0x00000000   Number         0  stm32l0xx_hal_rcc.o ABSOLUTE
    ../Drivers/STM32L0xx_HAL_Driver/Src/stm32l0xx_hal_rcc_ex.c 0x00000000   Number         0  stm32l0xx_hal_rcc_ex.o ABSOLUTE
    ../Drivers/STM32L0xx_HAL_Driver/Src/stm32l0xx_hal_tim.c 0x00000000   Number         0  stm32l0xx_hal_tim.o ABSOLUTE
    ../Drivers/STM32L0xx_HAL_Driver/Src/stm32l0xx_hal_tim_ex.c 0x00000000   Number         0  stm32l0xx_hal_tim_ex.o ABSOLUTE
    ../Drivers/STM32L0xx_HAL_Driver/Src/stm32l0xx_hal_uart.c 0x00000000   Number         0  stm32l0xx_hal_uart.o ABSOLUTE
    ../Drivers/STM32L0xx_HAL_Driver/Src/stm32l0xx_hal_uart_ex.c 0x00000000   Number         0  stm32l0xx_hal_uart_ex.o ABSOLUTE
    ../clib/microlib/division.c              0x00000000   Number         0  uldiv.o ABSOLUTE
    ../clib/microlib/division.c              0x00000000   Number         0  uidiv.o ABSOLUTE
    ../clib/microlib/init/entry.s            0x00000000   Number         0  entry8a.o ABSOLUTE
    ../clib/microlib/init/entry.s            0x00000000   Number         0  entry7b.o ABSOLUTE
    ../clib/microlib/init/entry.s            0x00000000   Number         0  entry5.o ABSOLUTE
    ../clib/microlib/init/entry.s            0x00000000   Number         0  entry12b.o ABSOLUTE
    ../clib/microlib/init/entry.s            0x00000000   Number         0  entry11b.o ABSOLUTE
    ../clib/microlib/init/entry.s            0x00000000   Number         0  entry12a.o ABSOLUTE
    ../clib/microlib/init/entry.s            0x00000000   Number         0  entry2.o ABSOLUTE
    ../clib/microlib/init/entry.s            0x00000000   Number         0  entry11a.o ABSOLUTE
    ../clib/microlib/init/entry.s            0x00000000   Number         0  entry10b.o ABSOLUTE
    ../clib/microlib/init/entry.s            0x00000000   Number         0  entry.o ABSOLUTE
    ../clib/microlib/init/entry.s            0x00000000   Number         0  entry10a.o ABSOLUTE
    ../clib/microlib/init/entry.s            0x00000000   Number         0  entry7a.o ABSOLUTE
    ../clib/microlib/init/entry.s            0x00000000   Number         0  entry9b.o ABSOLUTE
    ../clib/microlib/init/entry.s            0x00000000   Number         0  entry9a.o ABSOLUTE
    ../clib/microlib/init/entry.s            0x00000000   Number         0  entry8b.o ABSOLUTE
    ../clib/microlib/longlong.c              0x00000000   Number         0  llushr.o ABSOLUTE
    ../clib/microlib/longlong.c              0x00000000   Number         0  llshl.o ABSOLUTE
    ../clib/microlib/longlong.c              0x00000000   Number         0  llsshr.o ABSOLUTE
    ../clib/microlib/printf/printf.c         0x00000000   Number         0  printf3.o ABSOLUTE
    ../clib/microlib/printf/printf.c         0x00000000   Number         0  printf7.o ABSOLUTE
    ../clib/microlib/printf/printf.c         0x00000000   Number         0  printf4.o ABSOLUTE
    ../clib/microlib/printf/printf.c         0x00000000   Number         0  printf1.o ABSOLUTE
    ../clib/microlib/printf/printf.c         0x00000000   Number         0  printf5.o ABSOLUTE
    ../clib/microlib/printf/printf.c         0x00000000   Number         0  printf6.o ABSOLUTE
    ../clib/microlib/printf/printf.c         0x00000000   Number         0  printf8.o ABSOLUTE
    ../clib/microlib/printf/printf.c         0x00000000   Number         0  printf2.o ABSOLUTE
    ../clib/microlib/printf/printf.c         0x00000000   Number         0  printfb.o ABSOLUTE
    ../clib/microlib/printf/printf.c         0x00000000   Number         0  printfa.o ABSOLUTE
    ../clib/microlib/printf/printf.c         0x00000000   Number         0  printf0.o ABSOLUTE
    ../clib/microlib/printf/stubs.s          0x00000000   Number         0  stubs.o ABSOLUTE
    ../clib/microlib/stdio/fputc.c           0x00000000   Number         0  fputc.o ABSOLUTE
    ../clib/microlib/stdio/semi.s            0x00000000   Number         0  semi.o ABSOLUTE
    ../clib/microlib/stdio/streams.c         0x00000000   Number         0  stdout.o ABSOLUTE
    ../clib/microlib/string/memset.c         0x00000000   Number         0  memseta.o ABSOLUTE
    ../clib/microlib/stubs.s                 0x00000000   Number         0  iusefp.o ABSOLUTE
    ../clib/microlib/stubs.s                 0x00000000   Number         0  iusesemip.o ABSOLUTE
    ../fplib/microlib/fpadd.c                0x00000000   Number         0  dadd.o ABSOLUTE
    ../fplib/microlib/fpdiv.c                0x00000000   Number         0  ddiv.o ABSOLUTE
    ../fplib/microlib/fpepilogue.c           0x00000000   Number         0  depilogue.o ABSOLUTE
    ../fplib/microlib/fpfix.c                0x00000000   Number         0  dfixul.o ABSOLUTE
    ../fplib/microlib/fpmul.c                0x00000000   Number         0  dmul.o ABSOLUTE
    ..\Core\Src\buzzer.c                     0x00000000   Number         0  buzzer.o ABSOLUTE
    ..\Core\Src\lcd.c                        0x00000000   Number         0  lcd.o ABSOLUTE
    ..\Core\Src\main.c                       0x00000000   Number         0  main.o ABSOLUTE
    ..\Core\Src\main_loop.c                  0x00000000   Number         0  main_loop.o ABSOLUTE
    ..\Core\Src\menu.c                       0x00000000   Number         0  menu.o ABSOLUTE
    ..\Core\Src\stm32l0xx_hal_msp.c          0x00000000   Number         0  stm32l0xx_hal_msp.o ABSOLUTE
    ..\Core\Src\stm32l0xx_it.c               0x00000000   Number         0  stm32l0xx_it.o ABSOLUTE
    ..\Core\Src\system_stm32l0xx.c           0x00000000   Number         0  system_stm32l0xx.o ABSOLUTE
    ..\Drivers\STM32L0xx_HAL_Driver\Src\stm32l0xx_hal.c 0x00000000   Number         0  stm32l0xx_hal.o ABSOLUTE
    ..\Drivers\STM32L0xx_HAL_Driver\Src\stm32l0xx_hal_adc.c 0x00000000   Number         0  stm32l0xx_hal_adc.o ABSOLUTE
    ..\Drivers\STM32L0xx_HAL_Driver\Src\stm32l0xx_hal_adc_ex.c 0x00000000   Number         0  stm32l0xx_hal_adc_ex.o ABSOLUTE
    ..\Drivers\STM32L0xx_HAL_Driver\Src\stm32l0xx_hal_cortex.c 0x00000000   Number         0  stm32l0xx_hal_cortex.o ABSOLUTE
    ..\Drivers\STM32L0xx_HAL_Driver\Src\stm32l0xx_hal_dma.c 0x00000000   Number         0  stm32l0xx_hal_dma.o ABSOLUTE
    ..\Drivers\STM32L0xx_HAL_Driver\Src\stm32l0xx_hal_exti.c 0x00000000   Number         0  stm32l0xx_hal_exti.o ABSOLUTE
    ..\Drivers\STM32L0xx_HAL_Driver\Src\stm32l0xx_hal_flash.c 0x00000000   Number         0  stm32l0xx_hal_flash.o ABSOLUTE
    ..\Drivers\STM32L0xx_HAL_Driver\Src\stm32l0xx_hal_flash_ex.c 0x00000000   Number         0  stm32l0xx_hal_flash_ex.o ABSOLUTE
    ..\Drivers\STM32L0xx_HAL_Driver\Src\stm32l0xx_hal_flash_ramfunc.c 0x00000000   Number         0  stm32l0xx_hal_flash_ramfunc.o ABSOLUTE
    ..\Drivers\STM32L0xx_HAL_Driver\Src\stm32l0xx_hal_gpio.c 0x00000000   Number         0  stm32l0xx_hal_gpio.o ABSOLUTE
    ..\Drivers\STM32L0xx_HAL_Driver\Src\stm32l0xx_hal_i2c.c 0x00000000   Number         0  stm32l0xx_hal_i2c.o ABSOLUTE
    ..\Drivers\STM32L0xx_HAL_Driver\Src\stm32l0xx_hal_i2c_ex.c 0x00000000   Number         0  stm32l0xx_hal_i2c_ex.o ABSOLUTE
    ..\Drivers\STM32L0xx_HAL_Driver\Src\stm32l0xx_hal_iwdg.c 0x00000000   Number         0  stm32l0xx_hal_iwdg.o ABSOLUTE
    ..\Drivers\STM32L0xx_HAL_Driver\Src\stm32l0xx_hal_lptim.c 0x00000000   Number         0  stm32l0xx_hal_lptim.o ABSOLUTE
    ..\Drivers\STM32L0xx_HAL_Driver\Src\stm32l0xx_hal_pwr.c 0x00000000   Number         0  stm32l0xx_hal_pwr.o ABSOLUTE
    ..\Drivers\STM32L0xx_HAL_Driver\Src\stm32l0xx_hal_pwr_ex.c 0x00000000   Number         0  stm32l0xx_hal_pwr_ex.o ABSOLUTE
    ..\Drivers\STM32L0xx_HAL_Driver\Src\stm32l0xx_hal_rcc.c 0x00000000   Number         0  stm32l0xx_hal_rcc.o ABSOLUTE
    ..\Drivers\STM32L0xx_HAL_Driver\Src\stm32l0xx_hal_rcc_ex.c 0x00000000   Number         0  stm32l0xx_hal_rcc_ex.o ABSOLUTE
    ..\Drivers\STM32L0xx_HAL_Driver\Src\stm32l0xx_hal_tim.c 0x00000000   Number         0  stm32l0xx_hal_tim.o ABSOLUTE
    ..\Drivers\STM32L0xx_HAL_Driver\Src\stm32l0xx_hal_tim_ex.c 0x00000000   Number         0  stm32l0xx_hal_tim_ex.o ABSOLUTE
    ..\Drivers\STM32L0xx_HAL_Driver\Src\stm32l0xx_hal_uart.c 0x00000000   Number         0  stm32l0xx_hal_uart.o ABSOLUTE
    ..\Drivers\STM32L0xx_HAL_Driver\Src\stm32l0xx_hal_uart_ex.c 0x00000000   Number         0  stm32l0xx_hal_uart_ex.o ABSOLUTE
    ..\Drivers\STM32L0xx_HAL_Driver\Src\stm32l0xx_hal_usart.c 0x00000000   Number         0  stm32l0xx_hal_usart.o ABSOLUTE
    ..\\Core\\Src\\buzzer.c                  0x00000000   Number         0  buzzer.o ABSOLUTE
    ..\\Core\\Src\\lcd.c                     0x00000000   Number         0  lcd.o ABSOLUTE
    ..\\Core\\Src\\main_loop.c               0x00000000   Number         0  main_loop.o ABSOLUTE
    ..\\Core\\Src\\menu.c                    0x00000000   Number         0  menu.o ABSOLUTE
    ..\\Drivers\\STM32L0xx_HAL_Driver\\Src\\stm32l0xx_hal_adc.c 0x00000000   Number         0  stm32l0xx_hal_adc.o ABSOLUTE
    ..\\Drivers\\STM32L0xx_HAL_Driver\\Src\\stm32l0xx_hal_adc_ex.c 0x00000000   Number         0  stm32l0xx_hal_adc_ex.o ABSOLUTE
    ..\\Drivers\\STM32L0xx_HAL_Driver\\Src\\stm32l0xx_hal_iwdg.c 0x00000000   Number         0  stm32l0xx_hal_iwdg.o ABSOLUTE
    ..\\Drivers\\STM32L0xx_HAL_Driver\\Src\\stm32l0xx_hal_lptim.c 0x00000000   Number         0  stm32l0xx_hal_lptim.o ABSOLUTE
    ..\\Drivers\\STM32L0xx_HAL_Driver\\Src\\stm32l0xx_hal_usart.c 0x00000000   Number         0  stm32l0xx_hal_usart.o ABSOLUTE
    cdrcmple.s                               0x00000000   Number         0  cdrcmple.o ABSOLUTE
    dc.s                                     0x00000000   Number         0  dc.o ABSOLUTE
    handlers.s                               0x00000000   Number         0  handlers.o ABSOLUTE
    init.s                                   0x00000000   Number         0  init.o ABSOLUTE
    startup_stm32l051xx.s                    0x00000000   Number         0  startup_stm32l051xx.o ABSOLUTE
    RESET                                    0x08000000   Section      192  startup_stm32l051xx.o(RESET)
    .ARM.Collect$$$$00000000                 0x080000c0   Section        0  entry.o(.ARM.Collect$$$$00000000)
    .ARM.Collect$$$$00000001                 0x080000c0   Section        4  entry2.o(.ARM.Collect$$$$00000001)
    .ARM.Collect$$$$00000004                 0x080000c4   Section        4  entry5.o(.ARM.Collect$$$$00000004)
    .ARM.Collect$$$$00000008                 0x080000c8   Section        0  entry7b.o(.ARM.Collect$$$$00000008)
    .ARM.Collect$$$$0000000A                 0x080000c8   Section        0  entry8b.o(.ARM.Collect$$$$0000000A)
    .ARM.Collect$$$$0000000B                 0x080000c8   Section        8  entry9a.o(.ARM.Collect$$$$0000000B)
    .ARM.Collect$$$$0000000E                 0x080000d0   Section        4  entry12b.o(.ARM.Collect$$$$0000000E)
    .ARM.Collect$$$$0000000F                 0x080000d4   Section        0  entry10a.o(.ARM.Collect$$$$0000000F)
    .ARM.Collect$$$$00000011                 0x080000d4   Section        0  entry11a.o(.ARM.Collect$$$$00000011)
    .ARM.Collect$$$$00002712                 0x080000d4   Section        4  entry2.o(.ARM.Collect$$$$00002712)
    __lit__00000000                          0x080000d4   Data           4  entry2.o(.ARM.Collect$$$$00002712)
    .text                                    0x080000d8   Section       28  startup_stm32l051xx.o(.text)
    .text                                    0x080000f4   Section        0  uidiv.o(.text)
    .text                                    0x08000120   Section        0  uldiv.o(.text)
    .text                                    0x08000180   Section        0  memseta.o(.text)
    .text                                    0x080001a4   Section        0  llshl.o(.text)
    .text                                    0x080001c4   Section        0  llushr.o(.text)
    .text                                    0x080001e8   Section       36  init.o(.text)
    i.ADC_ConversionStop                     0x0800020c   Section        0  stm32l0xx_hal_adc.o(i.ADC_ConversionStop)
    ADC_ConversionStop                       0x0800020d   Thumb Code    90  stm32l0xx_hal_adc.o(i.ADC_ConversionStop)
    i.ADC_DelayMicroSecond                   0x08000268   Section        0  stm32l0xx_hal_adc.o(i.ADC_DelayMicroSecond)
    ADC_DelayMicroSecond                     0x08000269   Thumb Code    28  stm32l0xx_hal_adc.o(i.ADC_DelayMicroSecond)
    i.ADC_Disable                            0x0800028c   Section        0  stm32l0xx_hal_adc.o(i.ADC_Disable)
    ADC_Disable                              0x0800028d   Thumb Code   104  stm32l0xx_hal_adc.o(i.ADC_Disable)
    i.ADC_Enable                             0x080002f4   Section        0  stm32l0xx_hal_adc.o(i.ADC_Enable)
    ADC_Enable                               0x080002f5   Thumb Code   106  stm32l0xx_hal_adc.o(i.ADC_Enable)
    i.ADC_Init                               0x08000364   Section        0  main.o(i.ADC_Init)
    ADC_Init                                 0x08000365   Thumb Code   128  main.o(i.ADC_Init)
    i.EXTI2_3_IRQHandler                     0x080003f8   Section        0  stm32l0xx_it.o(i.EXTI2_3_IRQHandler)
    i.EXTI4_15_IRQHandler                    0x08000402   Section        0  stm32l0xx_it.o(i.EXTI4_15_IRQHandler)
    i.GPIO_Init                              0x08000418   Section        0  main.o(i.GPIO_Init)
    GPIO_Init                                0x08000419   Thumb Code   394  main.o(i.GPIO_Init)
    i.HAL_ADCEx_Calibration_Start            0x080005b0   Section        0  stm32l0xx_hal_adc_ex.o(i.HAL_ADCEx_Calibration_Start)
    i.HAL_ADC_ConfigChannel                  0x08000664   Section        0  stm32l0xx_hal_adc.o(i.HAL_ADC_ConfigChannel)
    i.HAL_ADC_GetValue                       0x080006f8   Section        0  stm32l0xx_hal_adc.o(i.HAL_ADC_GetValue)
    i.HAL_ADC_Init                           0x08000700   Section        0  stm32l0xx_hal_adc.o(i.HAL_ADC_Init)
    i.HAL_ADC_MspInit                        0x080008c8   Section        0  stm32l0xx_hal_adc.o(i.HAL_ADC_MspInit)
    i.HAL_ADC_PollForConversion              0x080008ca   Section        0  stm32l0xx_hal_adc.o(i.HAL_ADC_PollForConversion)
    i.HAL_ADC_Start                          0x08000994   Section        0  stm32l0xx_hal_adc.o(i.HAL_ADC_Start)
    i.HAL_ADC_Stop                           0x080009f0   Section        0  stm32l0xx_hal_adc.o(i.HAL_ADC_Stop)
    i.HAL_DMA_Abort                          0x08000a2e   Section        0  stm32l0xx_hal_dma.o(i.HAL_DMA_Abort)
    i.HAL_DMA_Abort_IT                       0x08000a72   Section        0  stm32l0xx_hal_dma.o(i.HAL_DMA_Abort_IT)
    i.HAL_Delay                              0x08000ac0   Section        0  stm32l0xx_hal.o(i.HAL_Delay)
    i.HAL_GPIO_EXTI_Callback                 0x08000ae4   Section        0  main_loop.o(i.HAL_GPIO_EXTI_Callback)
    i.HAL_GPIO_EXTI_IRQHandler               0x08000b48   Section        0  stm32l0xx_hal_gpio.o(i.HAL_GPIO_EXTI_IRQHandler)
    i.HAL_GPIO_Init                          0x08000b60   Section        0  stm32l0xx_hal_gpio.o(i.HAL_GPIO_Init)
    i.HAL_GPIO_ReadPin                       0x08000d10   Section        0  stm32l0xx_hal_gpio.o(i.HAL_GPIO_ReadPin)
    i.HAL_GPIO_TogglePin                     0x08000d1a   Section        0  stm32l0xx_hal_gpio.o(i.HAL_GPIO_TogglePin)
    i.HAL_GPIO_WritePin                      0x08000d2a   Section        0  stm32l0xx_hal_gpio.o(i.HAL_GPIO_WritePin)
    i.HAL_GetTick                            0x08000d38   Section        0  stm32l0xx_hal.o(i.HAL_GetTick)
    i.HAL_IWDG_Init                          0x08000d44   Section        0  stm32l0xx_hal_iwdg.o(i.HAL_IWDG_Init)
    i.HAL_IWDG_Refresh                       0x08000db0   Section        0  stm32l0xx_hal_iwdg.o(i.HAL_IWDG_Refresh)
    i.HAL_IncTick                            0x08000dc0   Section        0  stm32l0xx_hal.o(i.HAL_IncTick)
    i.HAL_Init                               0x08000dd0   Section        0  stm32l0xx_hal.o(i.HAL_Init)
    i.HAL_InitTick                           0x08000df8   Section        0  stm32l0xx_hal.o(i.HAL_InitTick)
    i.HAL_MspInit                            0x08000e3c   Section        0  stm32l0xx_hal_msp.o(i.HAL_MspInit)
    i.HAL_NVIC_DisableIRQ                    0x08000e40   Section        0  stm32l0xx_hal_cortex.o(i.HAL_NVIC_DisableIRQ)
    i.HAL_NVIC_EnableIRQ                     0x08000e60   Section        0  stm32l0xx_hal_cortex.o(i.HAL_NVIC_EnableIRQ)
    i.HAL_NVIC_SetPriority                   0x08000e78   Section        0  stm32l0xx_hal_cortex.o(i.HAL_NVIC_SetPriority)
    i.HAL_RCCEx_PeriphCLKConfig              0x08000e80   Section        0  stm32l0xx_hal_rcc_ex.o(i.HAL_RCCEx_PeriphCLKConfig)
    i.HAL_RCC_ClockConfig                    0x08000fe4   Section        0  stm32l0xx_hal_rcc.o(i.HAL_RCC_ClockConfig)
    i.HAL_RCC_GetPCLK1Freq                   0x08001180   Section        0  stm32l0xx_hal_rcc.o(i.HAL_RCC_GetPCLK1Freq)
    i.HAL_RCC_GetPCLK2Freq                   0x080011a0   Section        0  stm32l0xx_hal_rcc.o(i.HAL_RCC_GetPCLK2Freq)
    i.HAL_RCC_GetSysClockFreq                0x080011c0   Section        0  stm32l0xx_hal_rcc.o(i.HAL_RCC_GetSysClockFreq)
    i.HAL_RCC_OscConfig                      0x08001238   Section        0  stm32l0xx_hal_rcc.o(i.HAL_RCC_OscConfig)
    i.HAL_SYSTICK_Config                     0x08001660   Section        0  stm32l0xx_hal_cortex.o(i.HAL_SYSTICK_Config)
    i.HAL_TIMEx_MasterConfigSynchronization  0x08001690   Section        0  stm32l0xx_hal_tim_ex.o(i.HAL_TIMEx_MasterConfigSynchronization)
    i.HAL_TIM_Base_Init                      0x080016e8   Section        0  stm32l0xx_hal_tim.o(i.HAL_TIM_Base_Init)
    i.HAL_TIM_Base_MspInit                   0x08001726   Section        0  stm32l0xx_hal_tim.o(i.HAL_TIM_Base_MspInit)
    i.HAL_TIM_Base_Start_IT                  0x08001728   Section        0  stm32l0xx_hal_tim.o(i.HAL_TIM_Base_Start_IT)
    i.HAL_TIM_Base_Stop_IT                   0x08001774   Section        0  stm32l0xx_hal_tim.o(i.HAL_TIM_Base_Stop_IT)
    i.HAL_TIM_ConfigClockSource              0x080017a0   Section        0  stm32l0xx_hal_tim.o(i.HAL_TIM_ConfigClockSource)
    i.HAL_TIM_IC_CaptureCallback             0x0800187c   Section        0  stm32l0xx_hal_tim.o(i.HAL_TIM_IC_CaptureCallback)
    i.HAL_TIM_IRQHandler                     0x0800187e   Section        0  stm32l0xx_hal_tim.o(i.HAL_TIM_IRQHandler)
    i.HAL_TIM_OC_DelayElapsedCallback        0x080019a4   Section        0  stm32l0xx_hal_tim.o(i.HAL_TIM_OC_DelayElapsedCallback)
    i.HAL_TIM_PWM_ConfigChannel              0x080019a6   Section        0  stm32l0xx_hal_tim.o(i.HAL_TIM_PWM_ConfigChannel)
    i.HAL_TIM_PWM_Init                       0x08001a76   Section        0  stm32l0xx_hal_tim.o(i.HAL_TIM_PWM_Init)
    i.HAL_TIM_PWM_MspInit                    0x08001ab4   Section        0  stm32l0xx_hal_tim.o(i.HAL_TIM_PWM_MspInit)
    i.HAL_TIM_PWM_PulseFinishedCallback      0x08001ab6   Section        0  stm32l0xx_hal_tim.o(i.HAL_TIM_PWM_PulseFinishedCallback)
    i.HAL_TIM_PWM_Start                      0x08001ab8   Section        0  stm32l0xx_hal_tim.o(i.HAL_TIM_PWM_Start)
    i.HAL_TIM_PWM_Stop                       0x08001b34   Section        0  stm32l0xx_hal_tim.o(i.HAL_TIM_PWM_Stop)
    i.HAL_TIM_PeriodElapsedCallback          0x08001b7c   Section        0  main_loop.o(i.HAL_TIM_PeriodElapsedCallback)
    i.HAL_TIM_TriggerCallback                0x08001bdc   Section        0  stm32l0xx_hal_tim.o(i.HAL_TIM_TriggerCallback)
    i.HAL_UARTEx_RxEventCallback             0x08001bde   Section        0  stm32l0xx_hal_uart.o(i.HAL_UARTEx_RxEventCallback)
    i.HAL_UARTEx_WakeupCallback              0x08001be0   Section        0  stm32l0xx_hal_uart_ex.o(i.HAL_UARTEx_WakeupCallback)
    i.HAL_UART_AbortReceiveCpltCallback      0x08001be2   Section        0  stm32l0xx_hal_uart.o(i.HAL_UART_AbortReceiveCpltCallback)
    i.HAL_UART_AbortReceive_IT               0x08001be4   Section        0  stm32l0xx_hal_uart.o(i.HAL_UART_AbortReceive_IT)
    i.HAL_UART_ErrorCallback                 0x08001cac   Section        0  stm32l0xx_hal_uart.o(i.HAL_UART_ErrorCallback)
    i.HAL_UART_IRQHandler                    0x08001cb0   Section        0  stm32l0xx_hal_uart.o(i.HAL_UART_IRQHandler)
    i.HAL_UART_Init                          0x08001f54   Section        0  stm32l0xx_hal_uart.o(i.HAL_UART_Init)
    i.HAL_UART_MspInit                       0x08001fbe   Section        0  stm32l0xx_hal_msp.o(i.HAL_UART_MspInit)
    i.HAL_UART_Receive_IT                    0x08001fc0   Section        0  stm32l0xx_hal_uart.o(i.HAL_UART_Receive_IT)
    i.HAL_UART_RxCpltCallback                0x08002030   Section        0  main_loop.o(i.HAL_UART_RxCpltCallback)
    i.HAL_UART_Transmit                      0x08002078   Section        0  stm32l0xx_hal_uart.o(i.HAL_UART_Transmit)
    i.HAL_UART_TxCpltCallback                0x0800214a   Section        0  stm32l0xx_hal_uart.o(i.HAL_UART_TxCpltCallback)
    i.HardFault_Handler                      0x0800214c   Section        0  stm32l0xx_it.o(i.HardFault_Handler)
    i.LCD_Clear                              0x0800214e   Section        0  lcd.o(i.LCD_Clear)
    i.LCD_Command                            0x08002160   Section        0  lcd.o(i.LCD_Command)
    i.LCD_Data                               0x080021b4   Section        0  lcd.o(i.LCD_Data)
    i.LCD_Init                               0x08002208   Section        0  lcd.o(i.LCD_Init)
    i.LCD_SendChar                           0x080022d8   Section        0  lcd.o(i.LCD_SendChar)
    i.LCD_SetCursor                          0x080022e4   Section        0  lcd.o(i.LCD_SetCursor)
    i.LCD_String                             0x08002316   Section        0  lcd.o(i.LCD_String)
    i.LCD_WriteData                          0x08002334   Section        0  lcd.o(i.LCD_WriteData)
    i.LPUART1_IRQHandler                     0x08002388   Section        0  stm32l0xx_it.o(i.LPUART1_IRQHandler)
    i.LPUART_RS485                           0x08002398   Section        0  main.o(i.LPUART_RS485)
    LPUART_RS485                             0x08002399   Thumb Code    72  main.o(i.LPUART_RS485)
    i.NMI_Handler                            0x080023ec   Section        0  stm32l0xx_it.o(i.NMI_Handler)
    i.PendSV_Handler                         0x080023ee   Section        0  stm32l0xx_it.o(i.PendSV_Handler)
    i.SVC_Handler                            0x080023f0   Section        0  stm32l0xx_it.o(i.SVC_Handler)
    i.SysTick_Handler                        0x080023f2   Section        0  stm32l0xx_it.o(i.SysTick_Handler)
    i.SystemClock_Config                     0x080023fc   Section        0  main.o(i.SystemClock_Config)
    i.SystemInit                             0x08002498   Section        0  system_stm32l0xx.o(i.SystemInit)
    i.TIM2_Init                              0x0800249c   Section        0  main.o(i.TIM2_Init)
    TIM2_Init                                0x0800249d   Thumb Code   160  main.o(i.TIM2_Init)
    i.TIM6_IRQHandler                        0x08002544   Section        0  stm32l0xx_it.o(i.TIM6_IRQHandler)
    i.TIM6_Init                              0x08002554   Section        0  main.o(i.TIM6_Init)
    TIM6_Init                                0x08002555   Thumb Code    64  main.o(i.TIM6_Init)
    i.TIM_Base_SetConfig                     0x080025a8   Section        0  stm32l0xx_hal_tim.o(i.TIM_Base_SetConfig)
    TIM_Base_SetConfig                       0x080025a9   Thumb Code    78  stm32l0xx_hal_tim.o(i.TIM_Base_SetConfig)
    i.TIM_CCxChannelCmd                      0x08002600   Section        0  stm32l0xx_hal_tim.o(i.TIM_CCxChannelCmd)
    TIM_CCxChannelCmd                        0x08002601   Thumb Code    26  stm32l0xx_hal_tim.o(i.TIM_CCxChannelCmd)
    i.TIM_ETR_SetConfig                      0x0800261a   Section        0  stm32l0xx_hal_tim.o(i.TIM_ETR_SetConfig)
    TIM_ETR_SetConfig                        0x0800261b   Thumb Code    22  stm32l0xx_hal_tim.o(i.TIM_ETR_SetConfig)
    i.TIM_ITRx_SetConfig                     0x08002630   Section        0  stm32l0xx_hal_tim.o(i.TIM_ITRx_SetConfig)
    TIM_ITRx_SetConfig                       0x08002631   Thumb Code    16  stm32l0xx_hal_tim.o(i.TIM_ITRx_SetConfig)
    i.TIM_OC1_SetConfig                      0x08002640   Section        0  stm32l0xx_hal_tim.o(i.TIM_OC1_SetConfig)
    TIM_OC1_SetConfig                        0x08002641   Thumb Code    48  stm32l0xx_hal_tim.o(i.TIM_OC1_SetConfig)
    i.TIM_OC2_SetConfig                      0x08002670   Section        0  stm32l0xx_hal_tim.o(i.TIM_OC2_SetConfig)
    TIM_OC2_SetConfig                        0x08002671   Thumb Code    50  stm32l0xx_hal_tim.o(i.TIM_OC2_SetConfig)
    i.TIM_OC3_SetConfig                      0x080026a2   Section        0  stm32l0xx_hal_tim.o(i.TIM_OC3_SetConfig)
    TIM_OC3_SetConfig                        0x080026a3   Thumb Code    54  stm32l0xx_hal_tim.o(i.TIM_OC3_SetConfig)
    i.TIM_OC4_SetConfig                      0x080026d8   Section        0  stm32l0xx_hal_tim.o(i.TIM_OC4_SetConfig)
    TIM_OC4_SetConfig                        0x080026d9   Thumb Code    54  stm32l0xx_hal_tim.o(i.TIM_OC4_SetConfig)
    i.TIM_TI1_ConfigInputStage               0x0800270e   Section        0  stm32l0xx_hal_tim.o(i.TIM_TI1_ConfigInputStage)
    TIM_TI1_ConfigInputStage                 0x0800270f   Thumb Code    34  stm32l0xx_hal_tim.o(i.TIM_TI1_ConfigInputStage)
    i.TIM_TI2_ConfigInputStage               0x08002730   Section        0  stm32l0xx_hal_tim.o(i.TIM_TI2_ConfigInputStage)
    TIM_TI2_ConfigInputStage                 0x08002731   Thumb Code    38  stm32l0xx_hal_tim.o(i.TIM_TI2_ConfigInputStage)
    i.UART_AdvFeatureConfig                  0x08002756   Section        0  stm32l0xx_hal_uart.o(i.UART_AdvFeatureConfig)
    i.UART_CheckIdleState                    0x08002820   Section        0  stm32l0xx_hal_uart.o(i.UART_CheckIdleState)
    i.UART_DMAAbortOnError                   0x08002884   Section        0  stm32l0xx_hal_uart.o(i.UART_DMAAbortOnError)
    UART_DMAAbortOnError                     0x08002885   Thumb Code    20  stm32l0xx_hal_uart.o(i.UART_DMAAbortOnError)
    i.UART_DMARxOnlyAbortCallback            0x08002898   Section        0  stm32l0xx_hal_uart.o(i.UART_DMARxOnlyAbortCallback)
    UART_DMARxOnlyAbortCallback              0x08002899   Thumb Code    38  stm32l0xx_hal_uart.o(i.UART_DMARxOnlyAbortCallback)
    i.UART_EndRxTransfer                     0x080028be   Section        0  stm32l0xx_hal_uart.o(i.UART_EndRxTransfer)
    UART_EndRxTransfer                       0x080028bf   Thumb Code    94  stm32l0xx_hal_uart.o(i.UART_EndRxTransfer)
    i.UART_RxISR_16BIT                       0x0800291c   Section        0  stm32l0xx_hal_uart.o(i.UART_RxISR_16BIT)
    UART_RxISR_16BIT                         0x0800291d   Thumb Code   168  stm32l0xx_hal_uart.o(i.UART_RxISR_16BIT)
    i.UART_RxISR_8BIT                        0x080029c4   Section        0  stm32l0xx_hal_uart.o(i.UART_RxISR_8BIT)
    UART_RxISR_8BIT                          0x080029c5   Thumb Code   168  stm32l0xx_hal_uart.o(i.UART_RxISR_8BIT)
    i.UART_SetConfig                         0x08002a6c   Section        0  stm32l0xx_hal_uart.o(i.UART_SetConfig)
    i.UART_Start_Receive_IT                  0x08002c6c   Section        0  stm32l0xx_hal_uart.o(i.UART_Start_Receive_IT)
    i.UART_WaitOnFlagUntilTimeout            0x08002d20   Section        0  stm32l0xx_hal_uart.o(i.UART_WaitOnFlagUntilTimeout)
    i.USART1_IRQHandler                      0x08002df4   Section        0  stm32l0xx_it.o(i.USART1_IRQHandler)
    i.USB_UART_Init                          0x08002e10   Section        0  main.o(i.USB_UART_Init)
    USB_UART_Init                            0x08002e11   Thumb Code    72  main.o(i.USB_UART_Init)
    i.__0sprintf$1                           0x08002e64   Section        0  printf1.o(i.__0sprintf$1)
    i.__ARM_common_ll_muluu                  0x08002e8c   Section        0  stm32l0xx_hal_rcc.o(i.__ARM_common_ll_muluu)
    i.__ARM_common_switch8                   0x08002ebc   Section        0  stm32l0xx_hal_uart.o(i.__ARM_common_switch8)
    i.__NVIC_ClearPendingIRQ                 0x08002ed8   Section        0  main_loop.o(i.__NVIC_ClearPendingIRQ)
    __NVIC_ClearPendingIRQ                   0x08002ed9   Thumb Code    18  main_loop.o(i.__NVIC_ClearPendingIRQ)
    i.__NVIC_SetPriority                     0x08002ef0   Section        0  stm32l0xx_hal_cortex.o(i.__NVIC_SetPriority)
    __NVIC_SetPriority                       0x08002ef1   Thumb Code    60  stm32l0xx_hal_cortex.o(i.__NVIC_SetPriority)
    i.__scatterload_copy                     0x08002f34   Section       14  handlers.o(i.__scatterload_copy)
    i.__scatterload_null                     0x08002f42   Section        2  handlers.o(i.__scatterload_null)
    i.__scatterload_zeroinit                 0x08002f44   Section       14  handlers.o(i.__scatterload_zeroinit)
    i._printf_core                           0x08002f54   Section        0  printf1.o(i._printf_core)
    _printf_core                             0x08002f55   Thumb Code   332  printf1.o(i._printf_core)
    i._sputc                                 0x080030a4   Section        0  printf1.o(i._sputc)
    _sputc                                   0x080030a5   Thumb Code    10  printf1.o(i._sputc)
    i.auto_mode_menu                         0x080030b0   Section        0  menu.o(i.auto_mode_menu)
    i.buzzer                                 0x08003110   Section        0  buzzer.o(i.buzzer)
    i.copy_data                              0x08003130   Section        0  main_loop.o(i.copy_data)
    i.create_message                         0x080031c0   Section        0  main_loop.o(i.create_message)
    i.create_message_from_joystick           0x08003200   Section        0  main_loop.o(i.create_message_from_joystick)
    i.delay                                  0x0800326c   Section        0  lcd.o(i.delay)
    i.emergency_brake                        0x08003278   Section        0  main_loop.o(i.emergency_brake)
    i.error                                  0x080032fc   Section        0  main_loop.o(i.error)
    i.error_connection_menu                  0x08003300   Section        0  menu.o(i.error_connection_menu)
    i.init_menu                              0x08003354   Section        0  menu.o(i.init_menu)
    i.loop                                   0x08003370   Section        0  main_loop.o(i.loop)
    i.main                                   0x0800338c   Section        0  main.o(i.main)
    i.manual_mode                            0x080033ec   Section        0  main_loop.o(i.manual_mode)
    i.manual_mode_menu                       0x080034d4   Section        0  menu.o(i.manual_mode_menu)
    i.need_update_menu                       0x08003560   Section        0  menu.o(i.need_update_menu)
    i.read_message                           0x0800356c   Section        0  main_loop.o(i.read_message)
    i.recieve_data_from_orbitron             0x080035c8   Section        0  main_loop.o(i.recieve_data_from_orbitron)
    i.recieve_data_from_rotator              0x08003630   Section        0  main_loop.o(i.recieve_data_from_rotator)
    i.send_to_rotator                        0x0800368c   Section        0  main_loop.o(i.send_to_rotator)
    i.set_rotator_to_zero                    0x080036d8   Section        0  main_loop.o(i.set_rotator_to_zero)
    i.show_orbitron_data                     0x08003744   Section        0  main_loop.o(i.show_orbitron_data)
    i.show_rotator_data                      0x08003778   Section        0  main_loop.o(i.show_rotator_data)
    i.update_data_from_joystick              0x080037a8   Section        0  menu.o(i.update_data_from_joystick)
    i.update_menu                            0x08003834   Section        0  menu.o(i.update_menu)
    i.update_recieve_data_from_orbitron      0x08003868   Section        0  menu.o(i.update_recieve_data_from_orbitron)
    i.update_recieve_data_from_ppu           0x08003920   Section        0  menu.o(i.update_recieve_data_from_ppu)
    .constdata                               0x080039bc   Section       25  system_stm32l0xx.o(.constdata)
    .constdata                               0x080039d5   Section        8  system_stm32l0xx.o(.constdata)
    .data                                    0x20000000   Section        8  main.o(.data)
    .data                                    0x20000008   Section      112  main_loop.o(.data)
    .data                                    0x20000078   Section       32  menu.o(.data)
    .data                                    0x20000098   Section       12  stm32l0xx_hal.o(.data)
    .data                                    0x200000a4   Section        4  system_stm32l0xx.o(.data)
    .bss                                     0x200000a8   Section      500  main.o(.bss)
    .bss                                     0x2000029c   Section       62  main_loop.o(.bss)
    STACK                                    0x200002e0   Section     1024  startup_stm32l051xx.o(STACK)

    Global Symbols

    Symbol Name                              Value     Ov Type        Size  Object(Section)

    BuildAttributes$$THM_ISAv3M$S$PE$A:L22$X:L11$S22$IEEE1$IW$USESV6$~STKCKD$USESV7$~SHL$OSPACE$ROPI$EBA8$MICROLIB$REQ8$PRES8$EABIv2 0x00000000   Number         0  anon$$obj.o ABSOLUTE
    __ARM_use_no_argv                        0x00000000   Number         0  main.o ABSOLUTE
    _printf_a                                0x00000000   Number         0  stubs.o ABSOLUTE
    _printf_c                                0x00000000   Number         0  stubs.o ABSOLUTE
    _printf_charcount                        0x00000000   Number         0  stubs.o ABSOLUTE
    _printf_d                                0x00000000   Number         0  stubs.o ABSOLUTE
    _printf_e                                0x00000000   Number         0  stubs.o ABSOLUTE
    _printf_f                                0x00000000   Number         0  stubs.o ABSOLUTE
    _printf_flags                            0x00000000   Number         0  stubs.o ABSOLUTE
    _printf_fp_dec                           0x00000000   Number         0  stubs.o ABSOLUTE
    _printf_fp_hex                           0x00000000   Number         0  stubs.o ABSOLUTE
    _printf_g                                0x00000000   Number         0  stubs.o ABSOLUTE
    _printf_i                                0x00000000   Number         0  stubs.o ABSOLUTE
    _printf_int_dec                          0x00000000   Number         0  stubs.o ABSOLUTE
    _printf_l                                0x00000000   Number         0  stubs.o ABSOLUTE
    _printf_lc                               0x00000000   Number         0  stubs.o ABSOLUTE
    _printf_ll                               0x00000000   Number         0  stubs.o ABSOLUTE
    _printf_lld                              0x00000000   Number         0  stubs.o ABSOLUTE
    _printf_lli                              0x00000000   Number         0  stubs.o ABSOLUTE
    _printf_llo                              0x00000000   Number         0  stubs.o ABSOLUTE
    _printf_llu                              0x00000000   Number         0  stubs.o ABSOLUTE
    _printf_llx                              0x00000000   Number         0  stubs.o ABSOLUTE
    _printf_longlong_dec                     0x00000000   Number         0  stubs.o ABSOLUTE
    _printf_longlong_hex                     0x00000000   Number         0  stubs.o ABSOLUTE
    _printf_longlong_oct                     0x00000000   Number         0  stubs.o ABSOLUTE
    _printf_ls                               0x00000000   Number         0  stubs.o ABSOLUTE
    _printf_mbtowc                           0x00000000   Number         0  stubs.o ABSOLUTE
    _printf_n                                0x00000000   Number         0  stubs.o ABSOLUTE
    _printf_o                                0x00000000   Number         0  stubs.o ABSOLUTE
    _printf_p                                0x00000000   Number         0  stubs.o ABSOLUTE
    _printf_percent                          0x00000000   Number         0  stubs.o ABSOLUTE
    _printf_pre_padding                      0x00000000   Number         0  stubs.o ABSOLUTE
    _printf_return_value                     0x00000000   Number         0  stubs.o ABSOLUTE
    _printf_s                                0x00000000   Number         0  stubs.o ABSOLUTE
    _printf_sizespec                         0x00000000   Number         0  stubs.o ABSOLUTE
    _printf_str                              0x00000000   Number         0  stubs.o ABSOLUTE
    _printf_truncate_signed                  0x00000000   Number         0  stubs.o ABSOLUTE
    _printf_truncate_unsigned                0x00000000   Number         0  stubs.o ABSOLUTE
    _printf_u                                0x00000000   Number         0  stubs.o ABSOLUTE
    _printf_wc                               0x00000000   Number         0  stubs.o ABSOLUTE
    _printf_wctomb                           0x00000000   Number         0  stubs.o ABSOLUTE
    _printf_widthprec                        0x00000000   Number         0  stubs.o ABSOLUTE
    _printf_x                                0x00000000   Number         0  stubs.o ABSOLUTE
    __arm_fini_                               - Undefined Weak Reference
    __cpp_initialize__aeabi_                  - Undefined Weak Reference
    __cxa_finalize                            - Undefined Weak Reference
    __decompress                              - Undefined Weak Reference
    _clock_init                               - Undefined Weak Reference
    _microlib_exit                            - Undefined Weak Reference
    __Vectors_Size                           0x000000c0   Number         0  startup_stm32l051xx.o ABSOLUTE
    __Vectors                                0x08000000   Data           4  startup_stm32l051xx.o(RESET)
    __Vectors_End                            0x080000c0   Data           0  startup_stm32l051xx.o(RESET)
    __main                                   0x080000c1   Thumb Code     0  entry.o(.ARM.Collect$$$$00000000)
    _main_stk                                0x080000c1   Thumb Code     0  entry2.o(.ARM.Collect$$$$00000001)
    _main_scatterload                        0x080000c5   Thumb Code     0  entry5.o(.ARM.Collect$$$$00000004)
    __main_after_scatterload                 0x080000c9   Thumb Code     0  entry5.o(.ARM.Collect$$$$00000004)
    _main_clock                              0x080000c9   Thumb Code     0  entry7b.o(.ARM.Collect$$$$00000008)
    _main_cpp_init                           0x080000c9   Thumb Code     0  entry8b.o(.ARM.Collect$$$$0000000A)
    _main_init                               0x080000c9   Thumb Code     0  entry9a.o(.ARM.Collect$$$$0000000B)
    __rt_lib_shutdown_fini                   0x080000d1   Thumb Code     0  entry12b.o(.ARM.Collect$$$$0000000E)
    __rt_final_cpp                           0x080000d5   Thumb Code     0  entry10a.o(.ARM.Collect$$$$0000000F)
    __rt_final_exit                          0x080000d5   Thumb Code     0  entry11a.o(.ARM.Collect$$$$00000011)
    Reset_Handler                            0x080000d9   Thumb Code     8  startup_stm32l051xx.o(.text)
    ADC1_COMP_IRQHandler                     0x080000eb   Thumb Code     0  startup_stm32l051xx.o(.text)
    DMA1_Channel1_IRQHandler                 0x080000eb   Thumb Code     0  startup_stm32l051xx.o(.text)
    DMA1_Channel2_3_IRQHandler               0x080000eb   Thumb Code     0  startup_stm32l051xx.o(.text)
    DMA1_Channel4_5_6_7_IRQHandler           0x080000eb   Thumb Code     0  startup_stm32l051xx.o(.text)
    EXTI0_1_IRQHandler                       0x080000eb   Thumb Code     0  startup_stm32l051xx.o(.text)
    FLASH_IRQHandler                         0x080000eb   Thumb Code     0  startup_stm32l051xx.o(.text)
    I2C1_IRQHandler                          0x080000eb   Thumb Code     0  startup_stm32l051xx.o(.text)
    I2C2_IRQHandler                          0x080000eb   Thumb Code     0  startup_stm32l051xx.o(.text)
    LPTIM1_IRQHandler                        0x080000eb   Thumb Code     0  startup_stm32l051xx.o(.text)
    PVD_IRQHandler                           0x080000eb   Thumb Code     0  startup_stm32l051xx.o(.text)
    RCC_IRQHandler                           0x080000eb   Thumb Code     0  startup_stm32l051xx.o(.text)
    RTC_IRQHandler                           0x080000eb   Thumb Code     0  startup_stm32l051xx.o(.text)
    SPI1_IRQHandler                          0x080000eb   Thumb Code     0  startup_stm32l051xx.o(.text)
    SPI2_IRQHandler                          0x080000eb   Thumb Code     0  startup_stm32l051xx.o(.text)
    TIM21_IRQHandler                         0x080000eb   Thumb Code     0  startup_stm32l051xx.o(.text)
    TIM22_IRQHandler                         0x080000eb   Thumb Code     0  startup_stm32l051xx.o(.text)
    TIM2_IRQHandler                          0x080000eb   Thumb Code     0  startup_stm32l051xx.o(.text)
    USART2_IRQHandler                        0x080000eb   Thumb Code     0  startup_stm32l051xx.o(.text)
    WWDG_IRQHandler                          0x080000eb   Thumb Code     0  startup_stm32l051xx.o(.text)
    __aeabi_uidiv                            0x080000f5   Thumb Code     0  uidiv.o(.text)
    __aeabi_uidivmod                         0x080000f5   Thumb Code    44  uidiv.o(.text)
    __aeabi_uldivmod                         0x08000121   Thumb Code    96  uldiv.o(.text)
    __aeabi_memset                           0x08000181   Thumb Code    14  memseta.o(.text)
    __aeabi_memset4                          0x08000181   Thumb Code     0  memseta.o(.text)
    __aeabi_memset8                          0x08000181   Thumb Code     0  memseta.o(.text)
    __aeabi_memclr                           0x0800018f   Thumb Code     4  memseta.o(.text)
    __aeabi_memclr4                          0x0800018f   Thumb Code     0  memseta.o(.text)
    __aeabi_memclr8                          0x0800018f   Thumb Code     0  memseta.o(.text)
    _memset$wrapper                          0x08000193   Thumb Code    18  memseta.o(.text)
    __aeabi_llsl                             0x080001a5   Thumb Code    32  llshl.o(.text)
    _ll_shift_l                              0x080001a5   Thumb Code     0  llshl.o(.text)
    __aeabi_llsr                             0x080001c5   Thumb Code    34  llushr.o(.text)
    _ll_ushift_r                             0x080001c5   Thumb Code     0  llushr.o(.text)
    __scatterload                            0x080001e9   Thumb Code    28  init.o(.text)
    __scatterload_rt2                        0x080001e9   Thumb Code     0  init.o(.text)
    EXTI2_3_IRQHandler                       0x080003f9   Thumb Code    10  stm32l0xx_it.o(i.EXTI2_3_IRQHandler)
    EXTI4_15_IRQHandler                      0x08000403   Thumb Code    20  stm32l0xx_it.o(i.EXTI4_15_IRQHandler)
    HAL_ADCEx_Calibration_Start              0x080005b1   Thumb Code   178  stm32l0xx_hal_adc_ex.o(i.HAL_ADCEx_Calibration_Start)
    HAL_ADC_ConfigChannel                    0x08000665   Thumb Code   140  stm32l0xx_hal_adc.o(i.HAL_ADC_ConfigChannel)
    HAL_ADC_GetValue                         0x080006f9   Thumb Code     6  stm32l0xx_hal_adc.o(i.HAL_ADC_GetValue)
    HAL_ADC_Init                             0x08000701   Thumb Code   446  stm32l0xx_hal_adc.o(i.HAL_ADC_Init)
    HAL_ADC_MspInit                          0x080008c9   Thumb Code     2  stm32l0xx_hal_adc.o(i.HAL_ADC_MspInit)
    HAL_ADC_PollForConversion                0x080008cb   Thumb Code   200  stm32l0xx_hal_adc.o(i.HAL_ADC_PollForConversion)
    HAL_ADC_Start                            0x08000995   Thumb Code    86  stm32l0xx_hal_adc.o(i.HAL_ADC_Start)
    HAL_ADC_Stop                             0x080009f1   Thumb Code    62  stm32l0xx_hal_adc.o(i.HAL_ADC_Stop)
    HAL_DMA_Abort                            0x08000a2f   Thumb Code    68  stm32l0xx_hal_dma.o(i.HAL_DMA_Abort)
    HAL_DMA_Abort_IT                         0x08000a73   Thumb Code    76  stm32l0xx_hal_dma.o(i.HAL_DMA_Abort_IT)
    HAL_Delay                                0x08000ac1   Thumb Code    32  stm32l0xx_hal.o(i.HAL_Delay)
    HAL_GPIO_EXTI_Callback                   0x08000ae5   Thumb Code    86  main_loop.o(i.HAL_GPIO_EXTI_Callback)
    HAL_GPIO_EXTI_IRQHandler                 0x08000b49   Thumb Code    18  stm32l0xx_hal_gpio.o(i.HAL_GPIO_EXTI_IRQHandler)
    HAL_GPIO_Init                            0x08000b61   Thumb Code   402  stm32l0xx_hal_gpio.o(i.HAL_GPIO_Init)
    HAL_GPIO_ReadPin                         0x08000d11   Thumb Code    10  stm32l0xx_hal_gpio.o(i.HAL_GPIO_ReadPin)
    HAL_GPIO_TogglePin                       0x08000d1b   Thumb Code    16  stm32l0xx_hal_gpio.o(i.HAL_GPIO_TogglePin)
    HAL_GPIO_WritePin                        0x08000d2b   Thumb Code    12  stm32l0xx_hal_gpio.o(i.HAL_GPIO_WritePin)
    HAL_GetTick                              0x08000d39   Thumb Code     6  stm32l0xx_hal.o(i.HAL_GetTick)
    HAL_IWDG_Init                            0x08000d45   Thumb Code    94  stm32l0xx_hal_iwdg.o(i.HAL_IWDG_Init)
    HAL_IWDG_Refresh                         0x08000db1   Thumb Code    10  stm32l0xx_hal_iwdg.o(i.HAL_IWDG_Refresh)
    HAL_IncTick                              0x08000dc1   Thumb Code    12  stm32l0xx_hal.o(i.HAL_IncTick)
    HAL_Init                                 0x08000dd1   Thumb Code    36  stm32l0xx_hal.o(i.HAL_Init)
    HAL_InitTick                             0x08000df9   Thumb Code    58  stm32l0xx_hal.o(i.HAL_InitTick)
    HAL_MspInit                              0x08000e3d   Thumb Code     2  stm32l0xx_hal_msp.o(i.HAL_MspInit)
    HAL_NVIC_DisableIRQ                      0x08000e41   Thumb Code    26  stm32l0xx_hal_cortex.o(i.HAL_NVIC_DisableIRQ)
    HAL_NVIC_EnableIRQ                       0x08000e61   Thumb Code    18  stm32l0xx_hal_cortex.o(i.HAL_NVIC_EnableIRQ)
    HAL_NVIC_SetPriority                     0x08000e79   Thumb Code     8  stm32l0xx_hal_cortex.o(i.HAL_NVIC_SetPriority)
    HAL_RCCEx_PeriphCLKConfig                0x08000e81   Thumb Code   342  stm32l0xx_hal_rcc_ex.o(i.HAL_RCCEx_PeriphCLKConfig)
    HAL_RCC_ClockConfig                      0x08000fe5   Thumb Code   386  stm32l0xx_hal_rcc.o(i.HAL_RCC_ClockConfig)
    HAL_RCC_GetPCLK1Freq                     0x08001181   Thumb Code    20  stm32l0xx_hal_rcc.o(i.HAL_RCC_GetPCLK1Freq)
    HAL_RCC_GetPCLK2Freq                     0x080011a1   Thumb Code    20  stm32l0xx_hal_rcc.o(i.HAL_RCC_GetPCLK2Freq)
    HAL_RCC_GetSysClockFreq                  0x080011c1   Thumb Code   108  stm32l0xx_hal_rcc.o(i.HAL_RCC_GetSysClockFreq)
    HAL_RCC_OscConfig                        0x08001239   Thumb Code  1062  stm32l0xx_hal_rcc.o(i.HAL_RCC_OscConfig)
    HAL_SYSTICK_Config                       0x08001661   Thumb Code    38  stm32l0xx_hal_cortex.o(i.HAL_SYSTICK_Config)
    HAL_TIMEx_MasterConfigSynchronization    0x08001691   Thumb Code    78  stm32l0xx_hal_tim_ex.o(i.HAL_TIMEx_MasterConfigSynchronization)
    HAL_TIM_Base_Init                        0x080016e9   Thumb Code    62  stm32l0xx_hal_tim.o(i.HAL_TIM_Base_Init)
    HAL_TIM_Base_MspInit                     0x08001727   Thumb Code     2  stm32l0xx_hal_tim.o(i.HAL_TIM_Base_MspInit)
    HAL_TIM_Base_Start_IT                    0x08001729   Thumb Code    68  stm32l0xx_hal_tim.o(i.HAL_TIM_Base_Start_IT)
    HAL_TIM_Base_Stop_IT                     0x08001775   Thumb Code    38  stm32l0xx_hal_tim.o(i.HAL_TIM_Base_Stop_IT)
    HAL_TIM_ConfigClockSource                0x080017a1   Thumb Code   220  stm32l0xx_hal_tim.o(i.HAL_TIM_ConfigClockSource)
    HAL_TIM_IC_CaptureCallback               0x0800187d   Thumb Code     2  stm32l0xx_hal_tim.o(i.HAL_TIM_IC_CaptureCallback)
    HAL_TIM_IRQHandler                       0x0800187f   Thumb Code   294  stm32l0xx_hal_tim.o(i.HAL_TIM_IRQHandler)
    HAL_TIM_OC_DelayElapsedCallback          0x080019a5   Thumb Code     2  stm32l0xx_hal_tim.o(i.HAL_TIM_OC_DelayElapsedCallback)
    HAL_TIM_PWM_ConfigChannel                0x080019a7   Thumb Code   208  stm32l0xx_hal_tim.o(i.HAL_TIM_PWM_ConfigChannel)
    HAL_TIM_PWM_Init                         0x08001a77   Thumb Code    62  stm32l0xx_hal_tim.o(i.HAL_TIM_PWM_Init)
    HAL_TIM_PWM_MspInit                      0x08001ab5   Thumb Code     2  stm32l0xx_hal_tim.o(i.HAL_TIM_PWM_MspInit)
    HAL_TIM_PWM_PulseFinishedCallback        0x08001ab7   Thumb Code     2  stm32l0xx_hal_tim.o(i.HAL_TIM_PWM_PulseFinishedCallback)
    HAL_TIM_PWM_Start                        0x08001ab9   Thumb Code   116  stm32l0xx_hal_tim.o(i.HAL_TIM_PWM_Start)
    HAL_TIM_PWM_Stop                         0x08001b35   Thumb Code    66  stm32l0xx_hal_tim.o(i.HAL_TIM_PWM_Stop)
    HAL_TIM_PeriodElapsedCallback            0x08001b7d   Thumb Code    80  main_loop.o(i.HAL_TIM_PeriodElapsedCallback)
    HAL_TIM_TriggerCallback                  0x08001bdd   Thumb Code     2  stm32l0xx_hal_tim.o(i.HAL_TIM_TriggerCallback)
    HAL_UARTEx_RxEventCallback               0x08001bdf   Thumb Code     2  stm32l0xx_hal_uart.o(i.HAL_UARTEx_RxEventCallback)
    HAL_UARTEx_WakeupCallback                0x08001be1   Thumb Code     2  stm32l0xx_hal_uart_ex.o(i.HAL_UARTEx_WakeupCallback)
    HAL_UART_AbortReceiveCpltCallback        0x08001be3   Thumb Code     2  stm32l0xx_hal_uart.o(i.HAL_UART_AbortReceiveCpltCallback)
    HAL_UART_AbortReceive_IT                 0x08001be5   Thumb Code   194  stm32l0xx_hal_uart.o(i.HAL_UART_AbortReceive_IT)
    HAL_UART_ErrorCallback                   0x08001cad   Thumb Code     2  stm32l0xx_hal_uart.o(i.HAL_UART_ErrorCallback)
    HAL_UART_IRQHandler                      0x08001cb1   Thumb Code   664  stm32l0xx_hal_uart.o(i.HAL_UART_IRQHandler)
    HAL_UART_Init                            0x08001f55   Thumb Code   106  stm32l0xx_hal_uart.o(i.HAL_UART_Init)
    HAL_UART_MspInit                         0x08001fbf   Thumb Code     2  stm32l0xx_hal_msp.o(i.HAL_UART_MspInit)
    HAL_UART_Receive_IT                      0x08001fc1   Thumb Code   106  stm32l0xx_hal_uart.o(i.HAL_UART_Receive_IT)
    HAL_UART_RxCpltCallback                  0x08002031   Thumb Code    56  main_loop.o(i.HAL_UART_RxCpltCallback)
    HAL_UART_Transmit                        0x08002079   Thumb Code   210  stm32l0xx_hal_uart.o(i.HAL_UART_Transmit)
    HAL_UART_TxCpltCallback                  0x0800214b   Thumb Code     2  stm32l0xx_hal_uart.o(i.HAL_UART_TxCpltCallback)
    HardFault_Handler                        0x0800214d   Thumb Code     2  stm32l0xx_it.o(i.HardFault_Handler)
    LCD_Clear                                0x0800214f   Thumb Code    16  lcd.o(i.LCD_Clear)
    LCD_Command                              0x08002161   Thumb Code    80  lcd.o(i.LCD_Command)
    LCD_Data                                 0x080021b5   Thumb Code    80  lcd.o(i.LCD_Data)
    LCD_Init                                 0x08002209   Thumb Code   204  lcd.o(i.LCD_Init)
    LCD_SendChar                             0x080022d9   Thumb Code    12  lcd.o(i.LCD_SendChar)
    LCD_SetCursor                            0x080022e5   Thumb Code    50  lcd.o(i.LCD_SetCursor)
    LCD_String                               0x08002317   Thumb Code    28  lcd.o(i.LCD_String)
    LCD_WriteData                            0x08002335   Thumb Code    80  lcd.o(i.LCD_WriteData)
    LPUART1_IRQHandler                       0x08002389   Thumb Code    10  stm32l0xx_it.o(i.LPUART1_IRQHandler)
    NMI_Handler                              0x080023ed   Thumb Code     2  stm32l0xx_it.o(i.NMI_Handler)
    PendSV_Handler                           0x080023ef   Thumb Code     2  stm32l0xx_it.o(i.PendSV_Handler)
    SVC_Handler                              0x080023f1   Thumb Code     2  stm32l0xx_it.o(i.SVC_Handler)
    SysTick_Handler                          0x080023f3   Thumb Code     8  stm32l0xx_it.o(i.SysTick_Handler)
    SystemClock_Config                       0x080023fd   Thumb Code   150  main.o(i.SystemClock_Config)
    SystemInit                               0x08002499   Thumb Code     2  system_stm32l0xx.o(i.SystemInit)
    TIM6_IRQHandler                          0x08002545   Thumb Code    10  stm32l0xx_it.o(i.TIM6_IRQHandler)
    UART_AdvFeatureConfig                    0x08002757   Thumb Code   202  stm32l0xx_hal_uart.o(i.UART_AdvFeatureConfig)
    UART_CheckIdleState                      0x08002821   Thumb Code    94  stm32l0xx_hal_uart.o(i.UART_CheckIdleState)
    UART_SetConfig                           0x08002a6d   Thumb Code   480  stm32l0xx_hal_uart.o(i.UART_SetConfig)
    UART_Start_Receive_IT                    0x08002c6d   Thumb Code   166  stm32l0xx_hal_uart.o(i.UART_Start_Receive_IT)
    UART_WaitOnFlagUntilTimeout              0x08002d21   Thumb Code   212  stm32l0xx_hal_uart.o(i.UART_WaitOnFlagUntilTimeout)
    USART1_IRQHandler                        0x08002df5   Thumb Code    20  stm32l0xx_it.o(i.USART1_IRQHandler)
    __0sprintf$1                             0x08002e65   Thumb Code    36  printf1.o(i.__0sprintf$1)
    __1sprintf$1                             0x08002e65   Thumb Code     0  printf1.o(i.__0sprintf$1)
    __2sprintf                               0x08002e65   Thumb Code     0  printf1.o(i.__0sprintf$1)
    __ARM_common_ll_muluu                    0x08002e8d   Thumb Code    48  stm32l0xx_hal_rcc.o(i.__ARM_common_ll_muluu)
    __ARM_common_switch8                     0x08002ebd   Thumb Code    26  stm32l0xx_hal_uart.o(i.__ARM_common_switch8)
    __scatterload_copy                       0x08002f35   Thumb Code    14  handlers.o(i.__scatterload_copy)
    __scatterload_null                       0x08002f43   Thumb Code     2  handlers.o(i.__scatterload_null)
    __scatterload_zeroinit                   0x08002f45   Thumb Code    14  handlers.o(i.__scatterload_zeroinit)
    auto_mode_menu                           0x080030b1   Thumb Code    66  menu.o(i.auto_mode_menu)
    buzzer                                   0x08003111   Thumb Code    28  buzzer.o(i.buzzer)
    copy_data                                0x08003131   Thumb Code   134  main_loop.o(i.copy_data)
    create_message                           0x080031c1   Thumb Code    64  main_loop.o(i.create_message)
    create_message_from_joystick             0x08003201   Thumb Code    98  main_loop.o(i.create_message_from_joystick)
    delay                                    0x0800326d   Thumb Code    12  lcd.o(i.delay)
    emergency_brake                          0x08003279   Thumb Code   110  main_loop.o(i.emergency_brake)
    error                                    0x080032fd   Thumb Code     4  main_loop.o(i.error)
    error_connection_menu                    0x08003301   Thumb Code    42  menu.o(i.error_connection_menu)
    init_menu                                0x08003355   Thumb Code    22  menu.o(i.init_menu)
    loop                                     0x08003371   Thumb Code    22  main_loop.o(i.loop)
    main                                     0x0800338d   Thumb Code    84  main.o(i.main)
    manual_mode                              0x080033ed   Thumb Code   196  main_loop.o(i.manual_mode)
    manual_mode_menu                         0x080034d5   Thumb Code    94  menu.o(i.manual_mode_menu)
    need_update_menu                         0x08003561   Thumb Code     8  menu.o(i.need_update_menu)
    read_message                             0x0800356d   Thumb Code    88  main_loop.o(i.read_message)
    recieve_data_from_orbitron               0x080035c9   Thumb Code    84  main_loop.o(i.recieve_data_from_orbitron)
    recieve_data_from_rotator                0x08003631   Thumb Code    68  main_loop.o(i.recieve_data_from_rotator)
    send_to_rotator                          0x0800368d   Thumb Code    58  main_loop.o(i.send_to_rotator)
    set_rotator_to_zero                      0x080036d9   Thumb Code    88  main_loop.o(i.set_rotator_to_zero)
    show_orbitron_data                       0x08003745   Thumb Code    38  main_loop.o(i.show_orbitron_data)
    show_rotator_data                        0x08003779   Thumb Code    40  main_loop.o(i.show_rotator_data)
    update_data_from_joystick                0x080037a9   Thumb Code   126  menu.o(i.update_data_from_joystick)
    update_menu                              0x08003835   Thumb Code    42  menu.o(i.update_menu)
    update_recieve_data_from_orbitron        0x08003869   Thumb Code   172  menu.o(i.update_recieve_data_from_orbitron)
    update_recieve_data_from_ppu             0x08003921   Thumb Code   146  menu.o(i.update_recieve_data_from_ppu)
    AHBPrescTable                            0x080039bc   Data          16  system_stm32l0xx.o(.constdata)
    PLLMulTable                              0x080039cc   Data           9  system_stm32l0xx.o(.constdata)
    APBPrescTable                            0x080039d5   Data           8  system_stm32l0xx.o(.constdata)
    Region$$Table$$Base                      0x080039e0   Number         0  anon$$obj.o(Region$$Table)
    Region$$Table$$Limit                     0x08003a00   Number         0  anon$$obj.o(Region$$Table)
    RegularChannel                           0x20000000   Data           8  main.o(.data)
    RxBf                                     0x20000008   Data           1  main_loop.o(.data)
    rotator_move                             0x20000009   Data           1  main_loop.o(.data)
    usart1_recieve_complete                  0x2000000a   Data           1  main_loop.o(.data)
    rs485_recieve_complete                   0x2000000b   Data           1  main_loop.o(.data)
    current_menu_state                       0x2000000c   Data           1  main_loop.o(.data)
    current_state                            0x2000000d   Data           1  main_loop.o(.data)
    current_event                            0x2000000e   Data           1  main_loop.o(.data)
    prev_state                               0x2000000f   Data           1  main_loop.o(.data)
    AZ_buffer                                0x20000010   Data           3  main_loop.o(.data)
    EL_buffer                                0x20000013   Data           3  main_loop.o(.data)
    AZ_rotator_buffer                        0x20000016   Data           3  main_loop.o(.data)
    EL_rotator_buffer                        0x20000019   Data           3  main_loop.o(.data)
    set0_pressed                             0x2000001c   Data           4  main_loop.o(.data)
    axis_X                                   0x20000020   Data           4  main_loop.o(.data)
    axis_Y                                   0x20000024   Data           4  main_loop.o(.data)
    orbitron_buffer_position                 0x20000028   Data           4  main_loop.o(.data)
    rotator_led_timer                        0x2000002c   Data           4  main_loop.o(.data)
    Coords                                   0x20000030   Data           8  main_loop.o(.data)
    transition_table                         0x20000038   Data          64  main_loop.o(.data)
    menu                                     0x20000078   Data           3  menu.o(.data)
    AZ_string                                0x2000007b   Data           7  menu.o(.data)
    EL_string                                0x20000082   Data           7  menu.o(.data)
    menu_transition                          0x2000008c   Data          12  menu.o(.data)
    uwTickFreq                               0x20000098   Data           1  stm32l0xx_hal.o(.data)
    uwTickPrio                               0x2000009c   Data           4  stm32l0xx_hal.o(.data)
    uwTick                                   0x200000a0   Data           4  stm32l0xx_hal.o(.data)
    SystemCoreClock                          0x200000a4   Data           4  system_stm32l0xx.o(.data)
    huart1                                   0x200000a8   Data         132  main.o(.bss)
    hlpuart1                                 0x2000012c   Data         132  main.o(.bss)
    hadc1                                    0x200001b0   Data          92  main.o(.bss)
    htim2                                    0x2000020c   Data          64  main.o(.bss)
    htim6                                    0x2000024c   Data          64  main.o(.bss)
    hiwdg                                    0x2000028c   Data          16  main.o(.bss)
    orbitron_buffer                          0x2000029c   Data          40  main_loop.o(.bss)
    rx_rs485_buffer                          0x200002c4   Data          11  main_loop.o(.bss)
    satellite_name_buffer                    0x200002cf   Data          11  main_loop.o(.bss)
    __initial_sp                             0x200006e0   Data           0  startup_stm32l051xx.o(STACK)



==============================================================================

Memory Map of the image

  Image Entry point : 0x080000c1

  Load Region LR_IROM1 (Base: 0x08000000, Size: 0x00003aa8, Max: 0x00010000, ABSOLUTE)

    Execution Region ER_IROM1 (Exec base: 0x08000000, Load base: 0x08000000, Size: 0x00003a00, Max: 0x00010000, ABSOLUTE)

    Exec Addr    Load Addr    Size         Type   Attr      Idx    E Section Name        Object

    0x08000000   0x08000000   0x000000c0   Data   RO            3    RESET               startup_stm32l051xx.o
    0x080000c0   0x080000c0   0x00000000   Code   RO         4278  * .ARM.Collect$$$$00000000  mc_p.l(entry.o)
    0x080000c0   0x080000c0   0x00000004   Code   RO         4548    .ARM.Collect$$$$00000001  mc_p.l(entry2.o)
    0x080000c4   0x080000c4   0x00000004   Code   RO         4551    .ARM.Collect$$$$00000004  mc_p.l(entry5.o)
    0x080000c8   0x080000c8   0x00000000   Code   RO         4553    .ARM.Collect$$$$00000008  mc_p.l(entry7b.o)
    0x080000c8   0x080000c8   0x00000000   Code   RO         4555    .ARM.Collect$$$$0000000A  mc_p.l(entry8b.o)
    0x080000c8   0x080000c8   0x00000008   Code   RO         4556    .ARM.Collect$$$$0000000B  mc_p.l(entry9a.o)
    0x080000d0   0x080000d0   0x00000004   Code   RO         4563    .ARM.Collect$$$$0000000E  mc_p.l(entry12b.o)
    0x080000d4   0x080000d4   0x00000000   Code   RO         4558    .ARM.Collect$$$$0000000F  mc_p.l(entry10a.o)
    0x080000d4   0x080000d4   0x00000000   Code   RO         4560    .ARM.Collect$$$$00000011  mc_p.l(entry11a.o)
    0x080000d4   0x080000d4   0x00000004   Code   RO         4549    .ARM.Collect$$$$00002712  mc_p.l(entry2.o)
    0x080000d8   0x080000d8   0x0000001c   Code   RO            4    .text               startup_stm32l051xx.o
    0x080000f4   0x080000f4   0x0000002c   Code   RO         4281    .text               mc_p.l(uidiv.o)
    0x08000120   0x08000120   0x00000060   Code   RO         4283    .text               mc_p.l(uldiv.o)
    0x08000180   0x08000180   0x00000024   Code   RO         4285    .text               mc_p.l(memseta.o)
    0x080001a4   0x080001a4   0x00000020   Code   RO         4567    .text               mc_p.l(llshl.o)
    0x080001c4   0x080001c4   0x00000022   Code   RO         4569    .text               mc_p.l(llushr.o)
    0x080001e6   0x080001e6   0x00000002   PAD
    0x080001e8   0x080001e8   0x00000024   Code   RO         4582    .text               mc_p.l(init.o)
    0x0800020c   0x0800020c   0x0000005a   Code   RO         3461    i.ADC_ConversionStop  stm32l0xx_hal_adc.o
    0x08000266   0x08000266   0x00000002   PAD
    0x08000268   0x08000268   0x00000024   Code   RO         3465    i.ADC_DelayMicroSecond  stm32l0xx_hal_adc.o
    0x0800028c   0x0800028c   0x00000068   Code   RO         3466    i.ADC_Disable       stm32l0xx_hal_adc.o
    0x080002f4   0x080002f4   0x00000070   Code   RO         3467    i.ADC_Enable        stm32l0xx_hal_adc.o
    0x08000364   0x08000364   0x00000094   Code   RO           12    i.ADC_Init          main.o
    0x080003f8   0x080003f8   0x0000000a   Code   RO          215    i.EXTI2_3_IRQHandler  stm32l0xx_it.o
    0x08000402   0x08000402   0x00000014   Code   RO          216    i.EXTI4_15_IRQHandler  stm32l0xx_it.o
    0x08000416   0x08000416   0x00000002   PAD
    0x08000418   0x08000418   0x00000198   Code   RO           14    i.GPIO_Init         main.o
    0x080005b0   0x080005b0   0x000000b2   Code   RO         3644    i.HAL_ADCEx_Calibration_Start  stm32l0xx_hal_adc_ex.o
    0x08000662   0x08000662   0x00000002   PAD
    0x08000664   0x08000664   0x00000094   Code   RO         3469    i.HAL_ADC_ConfigChannel  stm32l0xx_hal_adc.o
    0x080006f8   0x080006f8   0x00000006   Code   RO         3476    i.HAL_ADC_GetValue  stm32l0xx_hal_adc.o
    0x080006fe   0x080006fe   0x00000002   PAD
    0x08000700   0x08000700   0x000001c8   Code   RO         3478    i.HAL_ADC_Init      stm32l0xx_hal_adc.o
    0x080008c8   0x080008c8   0x00000002   Code   RO         3481    i.HAL_ADC_MspInit   stm32l0xx_hal_adc.o
    0x080008ca   0x080008ca   0x000000c8   Code   RO         3482    i.HAL_ADC_PollForConversion  stm32l0xx_hal_adc.o
    0x08000992   0x08000992   0x00000002   PAD
    0x08000994   0x08000994   0x0000005c   Code   RO         3484    i.HAL_ADC_Start     stm32l0xx_hal_adc.o
    0x080009f0   0x080009f0   0x0000003e   Code   RO         3487    i.HAL_ADC_Stop      stm32l0xx_hal_adc.o
    0x08000a2e   0x08000a2e   0x00000044   Code   RO         2296    i.HAL_DMA_Abort     stm32l0xx_hal_dma.o
    0x08000a72   0x08000a72   0x0000004c   Code   RO         2297    i.HAL_DMA_Abort_IT  stm32l0xx_hal_dma.o
    0x08000abe   0x08000abe   0x00000002   PAD
    0x08000ac0   0x08000ac0   0x00000024   Code   RO         1120    i.HAL_Delay         stm32l0xx_hal.o
    0x08000ae4   0x08000ae4   0x00000064   Code   RO          399    i.HAL_GPIO_EXTI_Callback  main_loop.o
    0x08000b48   0x08000b48   0x00000018   Code   RO         2235    i.HAL_GPIO_EXTI_IRQHandler  stm32l0xx_hal_gpio.o
    0x08000b60   0x08000b60   0x000001b0   Code   RO         2236    i.HAL_GPIO_Init     stm32l0xx_hal_gpio.o
    0x08000d10   0x08000d10   0x0000000a   Code   RO         2238    i.HAL_GPIO_ReadPin  stm32l0xx_hal_gpio.o
    0x08000d1a   0x08000d1a   0x00000010   Code   RO         2239    i.HAL_GPIO_TogglePin  stm32l0xx_hal_gpio.o
    0x08000d2a   0x08000d2a   0x0000000c   Code   RO         2240    i.HAL_GPIO_WritePin  stm32l0xx_hal_gpio.o
    0x08000d36   0x08000d36   0x00000002   PAD
    0x08000d38   0x08000d38   0x0000000c   Code   RO         1124    i.HAL_GetTick       stm32l0xx_hal.o
    0x08000d44   0x08000d44   0x0000006c   Code   RO         4220    i.HAL_IWDG_Init     stm32l0xx_hal_iwdg.o
    0x08000db0   0x08000db0   0x00000010   Code   RO         4221    i.HAL_IWDG_Refresh  stm32l0xx_hal_iwdg.o
    0x08000dc0   0x08000dc0   0x00000010   Code   RO         1130    i.HAL_IncTick       stm32l0xx_hal.o
    0x08000dd0   0x08000dd0   0x00000028   Code   RO         1131    i.HAL_Init          stm32l0xx_hal.o
    0x08000df8   0x08000df8   0x00000044   Code   RO         1132    i.HAL_InitTick      stm32l0xx_hal.o
    0x08000e3c   0x08000e3c   0x00000002   Code   RO          293    i.HAL_MspInit       stm32l0xx_hal_msp.o
    0x08000e3e   0x08000e3e   0x00000002   PAD
    0x08000e40   0x08000e40   0x00000020   Code   RO         2562    i.HAL_NVIC_DisableIRQ  stm32l0xx_hal_cortex.o
    0x08000e60   0x08000e60   0x00000018   Code   RO         2563    i.HAL_NVIC_EnableIRQ  stm32l0xx_hal_cortex.o
    0x08000e78   0x08000e78   0x00000008   Code   RO         2567    i.HAL_NVIC_SetPriority  stm32l0xx_hal_cortex.o
    0x08000e80   0x08000e80   0x00000164   Code   RO         1926    i.HAL_RCCEx_PeriphCLKConfig  stm32l0xx_hal_rcc_ex.o
    0x08000fe4   0x08000fe4   0x0000019c   Code   RO         1826    i.HAL_RCC_ClockConfig  stm32l0xx_hal_rcc.o
    0x08001180   0x08001180   0x00000020   Code   RO         1832    i.HAL_RCC_GetPCLK1Freq  stm32l0xx_hal_rcc.o
    0x080011a0   0x080011a0   0x00000020   Code   RO         1833    i.HAL_RCC_GetPCLK2Freq  stm32l0xx_hal_rcc.o
    0x080011c0   0x080011c0   0x00000078   Code   RO         1834    i.HAL_RCC_GetSysClockFreq  stm32l0xx_hal_rcc.o
    0x08001238   0x08001238   0x00000426   Code   RO         1837    i.HAL_RCC_OscConfig  stm32l0xx_hal_rcc.o
    0x0800165e   0x0800165e   0x00000002   PAD
    0x08001660   0x08001660   0x00000030   Code   RO         2571    i.HAL_SYSTICK_Config  stm32l0xx_hal_cortex.o
    0x08001690   0x08001690   0x00000058   Code   RO         3435    i.HAL_TIMEx_MasterConfigSynchronization  stm32l0xx_hal_tim_ex.o
    0x080016e8   0x080016e8   0x0000003e   Code   RO         2740    i.HAL_TIM_Base_Init  stm32l0xx_hal_tim.o
    0x08001726   0x08001726   0x00000002   Code   RO         2742    i.HAL_TIM_Base_MspInit  stm32l0xx_hal_tim.o
    0x08001728   0x08001728   0x0000004c   Code   RO         2745    i.HAL_TIM_Base_Start_IT  stm32l0xx_hal_tim.o
    0x08001774   0x08001774   0x0000002c   Code   RO         2748    i.HAL_TIM_Base_Stop_IT  stm32l0xx_hal_tim.o
    0x080017a0   0x080017a0   0x000000dc   Code   RO         2749    i.HAL_TIM_ConfigClockSource  stm32l0xx_hal_tim.o
    0x0800187c   0x0800187c   0x00000002   Code   RO         2774    i.HAL_TIM_IC_CaptureCallback  stm32l0xx_hal_tim.o
    0x0800187e   0x0800187e   0x00000126   Code   RO         2788    i.HAL_TIM_IRQHandler  stm32l0xx_hal_tim.o
    0x080019a4   0x080019a4   0x00000002   Code   RO         2791    i.HAL_TIM_OC_DelayElapsedCallback  stm32l0xx_hal_tim.o
    0x080019a6   0x080019a6   0x000000d0   Code   RO         2812    i.HAL_TIM_PWM_ConfigChannel  stm32l0xx_hal_tim.o
    0x08001a76   0x08001a76   0x0000003e   Code   RO         2815    i.HAL_TIM_PWM_Init  stm32l0xx_hal_tim.o
    0x08001ab4   0x08001ab4   0x00000002   Code   RO         2817    i.HAL_TIM_PWM_MspInit  stm32l0xx_hal_tim.o
    0x08001ab6   0x08001ab6   0x00000002   Code   RO         2818    i.HAL_TIM_PWM_PulseFinishedCallback  stm32l0xx_hal_tim.o
    0x08001ab8   0x08001ab8   0x0000007c   Code   RO         2820    i.HAL_TIM_PWM_Start  stm32l0xx_hal_tim.o
    0x08001b34   0x08001b34   0x00000048   Code   RO         2823    i.HAL_TIM_PWM_Stop  stm32l0xx_hal_tim.o
    0x08001b7c   0x08001b7c   0x00000060   Code   RO          400    i.HAL_TIM_PeriodElapsedCallback  main_loop.o
    0x08001bdc   0x08001bdc   0x00000002   Code   RO         2831    i.HAL_TIM_TriggerCallback  stm32l0xx_hal_tim.o
    0x08001bde   0x08001bde   0x00000002   Code   RO          647    i.HAL_UARTEx_RxEventCallback  stm32l0xx_hal_uart.o
    0x08001be0   0x08001be0   0x00000002   Code   RO         1041    i.HAL_UARTEx_WakeupCallback  stm32l0xx_hal_uart_ex.o
    0x08001be2   0x08001be2   0x00000002   Code   RO          651    i.HAL_UART_AbortReceiveCpltCallback  stm32l0xx_hal_uart.o
    0x08001be4   0x08001be4   0x000000c8   Code   RO          652    i.HAL_UART_AbortReceive_IT  stm32l0xx_hal_uart.o
    0x08001cac   0x08001cac   0x00000002   Code   RO          663    i.HAL_UART_ErrorCallback  stm32l0xx_hal_uart.o
    0x08001cae   0x08001cae   0x00000002   PAD
    0x08001cb0   0x08001cb0   0x000002a4   Code   RO          666    i.HAL_UART_IRQHandler  stm32l0xx_hal_uart.o
    0x08001f54   0x08001f54   0x0000006a   Code   RO          667    i.HAL_UART_Init     stm32l0xx_hal_uart.o
    0x08001fbe   0x08001fbe   0x00000002   Code   RO          295    i.HAL_UART_MspInit  stm32l0xx_hal_msp.o
    0x08001fc0   0x08001fc0   0x00000070   Code   RO          672    i.HAL_UART_Receive_IT  stm32l0xx_hal_uart.o
    0x08002030   0x08002030   0x00000048   Code   RO          401    i.HAL_UART_RxCpltCallback  main_loop.o
    0x08002078   0x08002078   0x000000d2   Code   RO          676    i.HAL_UART_Transmit  stm32l0xx_hal_uart.o
    0x0800214a   0x0800214a   0x00000002   Code   RO          679    i.HAL_UART_TxCpltCallback  stm32l0xx_hal_uart.o
    0x0800214c   0x0800214c   0x00000002   Code   RO          217    i.HardFault_Handler  stm32l0xx_it.o
    0x0800214e   0x0800214e   0x00000010   Code   RO          325    i.LCD_Clear         lcd.o
    0x0800215e   0x0800215e   0x00000002   PAD
    0x08002160   0x08002160   0x00000054   Code   RO          326    i.LCD_Command       lcd.o
    0x080021b4   0x080021b4   0x00000054   Code   RO          327    i.LCD_Data          lcd.o
    0x08002208   0x08002208   0x000000d0   Code   RO          328    i.LCD_Init          lcd.o
    0x080022d8   0x080022d8   0x0000000c   Code   RO          329    i.LCD_SendChar      lcd.o
    0x080022e4   0x080022e4   0x00000032   Code   RO          330    i.LCD_SetCursor     lcd.o
    0x08002316   0x08002316   0x0000001c   Code   RO          331    i.LCD_String        lcd.o
    0x08002332   0x08002332   0x00000002   PAD
    0x08002334   0x08002334   0x00000054   Code   RO          332    i.LCD_WriteData     lcd.o
    0x08002388   0x08002388   0x00000010   Code   RO          218    i.LPUART1_IRQHandler  stm32l0xx_it.o
    0x08002398   0x08002398   0x00000054   Code   RO           15    i.LPUART_RS485      main.o
    0x080023ec   0x080023ec   0x00000002   Code   RO          219    i.NMI_Handler       stm32l0xx_it.o
    0x080023ee   0x080023ee   0x00000002   Code   RO          220    i.PendSV_Handler    stm32l0xx_it.o
    0x080023f0   0x080023f0   0x00000002   Code   RO          221    i.SVC_Handler       stm32l0xx_it.o
    0x080023f2   0x080023f2   0x00000008   Code   RO          222    i.SysTick_Handler   stm32l0xx_it.o
    0x080023fa   0x080023fa   0x00000002   PAD
    0x080023fc   0x080023fc   0x0000009c   Code   RO           16    i.SystemClock_Config  main.o
    0x08002498   0x08002498   0x00000002   Code   RO         4247    i.SystemInit        system_stm32l0xx.o
    0x0800249a   0x0800249a   0x00000002   PAD
    0x0800249c   0x0800249c   0x000000a8   Code   RO           17    i.TIM2_Init         main.o
    0x08002544   0x08002544   0x00000010   Code   RO          223    i.TIM6_IRQHandler   stm32l0xx_it.o
    0x08002554   0x08002554   0x00000054   Code   RO           18    i.TIM6_Init         main.o
    0x080025a8   0x080025a8   0x00000058   Code   RO         2833    i.TIM_Base_SetConfig  stm32l0xx_hal_tim.o
    0x08002600   0x08002600   0x0000001a   Code   RO         2834    i.TIM_CCxChannelCmd  stm32l0xx_hal_tim.o
    0x0800261a   0x0800261a   0x00000016   Code   RO         2844    i.TIM_ETR_SetConfig  stm32l0xx_hal_tim.o
    0x08002630   0x08002630   0x00000010   Code   RO         2845    i.TIM_ITRx_SetConfig  stm32l0xx_hal_tim.o
    0x08002640   0x08002640   0x00000030   Code   RO         2846    i.TIM_OC1_SetConfig  stm32l0xx_hal_tim.o
    0x08002670   0x08002670   0x00000032   Code   RO         2847    i.TIM_OC2_SetConfig  stm32l0xx_hal_tim.o
    0x080026a2   0x080026a2   0x00000036   Code   RO         2848    i.TIM_OC3_SetConfig  stm32l0xx_hal_tim.o
    0x080026d8   0x080026d8   0x00000036   Code   RO         2849    i.TIM_OC4_SetConfig  stm32l0xx_hal_tim.o
    0x0800270e   0x0800270e   0x00000022   Code   RO         2851    i.TIM_TI1_ConfigInputStage  stm32l0xx_hal_tim.o
    0x08002730   0x08002730   0x00000026   Code   RO         2853    i.TIM_TI2_ConfigInputStage  stm32l0xx_hal_tim.o
    0x08002756   0x08002756   0x000000ca   Code   RO          681    i.UART_AdvFeatureConfig  stm32l0xx_hal_uart.o
    0x08002820   0x08002820   0x00000064   Code   RO          682    i.UART_CheckIdleState  stm32l0xx_hal_uart.o
    0x08002884   0x08002884   0x00000014   Code   RO          683    i.UART_DMAAbortOnError  stm32l0xx_hal_uart.o
    0x08002898   0x08002898   0x00000026   Code   RO          688    i.UART_DMARxOnlyAbortCallback  stm32l0xx_hal_uart.o
    0x080028be   0x080028be   0x0000005e   Code   RO          693    i.UART_EndRxTransfer  stm32l0xx_hal_uart.o
    0x0800291c   0x0800291c   0x000000a8   Code   RO          695    i.UART_RxISR_16BIT  stm32l0xx_hal_uart.o
    0x080029c4   0x080029c4   0x000000a8   Code   RO          696    i.UART_RxISR_8BIT   stm32l0xx_hal_uart.o
    0x08002a6c   0x08002a6c   0x00000200   Code   RO          697    i.UART_SetConfig    stm32l0xx_hal_uart.o
    0x08002c6c   0x08002c6c   0x000000b4   Code   RO          699    i.UART_Start_Receive_IT  stm32l0xx_hal_uart.o
    0x08002d20   0x08002d20   0x000000d4   Code   RO          702    i.UART_WaitOnFlagUntilTimeout  stm32l0xx_hal_uart.o
    0x08002df4   0x08002df4   0x0000001c   Code   RO          224    i.USART1_IRQHandler  stm32l0xx_it.o
    0x08002e10   0x08002e10   0x00000054   Code   RO           19    i.USB_UART_Init     main.o
    0x08002e64   0x08002e64   0x00000028   Code   RO         4334    i.__0sprintf$1      mc_p.l(printf1.o)
    0x08002e8c   0x08002e8c   0x00000030   Code   RO         1911    i.__ARM_common_ll_muluu  stm32l0xx_hal_rcc.o
    0x08002ebc   0x08002ebc   0x0000001a   Code   RO         1021    i.__ARM_common_switch8  stm32l0xx_hal_uart.o
    0x08002ed6   0x08002ed6   0x00000002   PAD
    0x08002ed8   0x08002ed8   0x00000018   Code   RO          403    i.__NVIC_ClearPendingIRQ  main_loop.o
    0x08002ef0   0x08002ef0   0x00000044   Code   RO         2573    i.__NVIC_SetPriority  stm32l0xx_hal_cortex.o
    0x08002f34   0x08002f34   0x0000000e   Code   RO         4594    i.__scatterload_copy  mc_p.l(handlers.o)
    0x08002f42   0x08002f42   0x00000002   Code   RO         4595    i.__scatterload_null  mc_p.l(handlers.o)
    0x08002f44   0x08002f44   0x0000000e   Code   RO         4596    i.__scatterload_zeroinit  mc_p.l(handlers.o)
    0x08002f52   0x08002f52   0x00000002   PAD
    0x08002f54   0x08002f54   0x00000150   Code   RO         4339    i._printf_core      mc_p.l(printf1.o)
    0x080030a4   0x080030a4   0x0000000a   Code   RO         4341    i._sputc            mc_p.l(printf1.o)
    0x080030ae   0x080030ae   0x00000002   PAD
    0x080030b0   0x080030b0   0x00000060   Code   RO          537    i.auto_mode_menu    menu.o
    0x08003110   0x08003110   0x00000020   Code   RO          617    i.buzzer            buzzer.o
    0x08003130   0x08003130   0x00000090   Code   RO          404    i.copy_data         main_loop.o
    0x080031c0   0x080031c0   0x00000040   Code   RO          405    i.create_message    main_loop.o
    0x08003200   0x08003200   0x0000006c   Code   RO          406    i.create_message_from_joystick  main_loop.o
    0x0800326c   0x0800326c   0x0000000c   Code   RO          334    i.delay             lcd.o
    0x08003278   0x08003278   0x00000084   Code   RO          407    i.emergency_brake   main_loop.o
    0x080032fc   0x080032fc   0x00000004   Code   RO          408    i.error             main_loop.o
    0x08003300   0x08003300   0x00000054   Code   RO          538    i.error_connection_menu  menu.o
    0x08003354   0x08003354   0x0000001c   Code   RO          539    i.init_menu         menu.o
    0x08003370   0x08003370   0x0000001c   Code   RO          409    i.loop              main_loop.o
    0x0800338c   0x0800338c   0x00000060   Code   RO           20    i.main              main.o
    0x080033ec   0x080033ec   0x000000e8   Code   RO          410    i.manual_mode       main_loop.o
    0x080034d4   0x080034d4   0x0000008c   Code   RO          540    i.manual_mode_menu  menu.o
    0x08003560   0x08003560   0x0000000c   Code   RO          541    i.need_update_menu  menu.o
    0x0800356c   0x0800356c   0x0000005c   Code   RO          411    i.read_message      main_loop.o
    0x080035c8   0x080035c8   0x00000068   Code   RO          412    i.recieve_data_from_orbitron  main_loop.o
    0x08003630   0x08003630   0x0000005c   Code   RO          413    i.recieve_data_from_rotator  main_loop.o
    0x0800368c   0x0800368c   0x0000004c   Code   RO          414    i.send_to_rotator   main_loop.o
    0x080036d8   0x080036d8   0x0000006c   Code   RO          415    i.set_rotator_to_zero  main_loop.o
    0x08003744   0x08003744   0x00000034   Code   RO          416    i.show_orbitron_data  main_loop.o
    0x08003778   0x08003778   0x00000030   Code   RO          417    i.show_rotator_data  main_loop.o
    0x080037a8   0x080037a8   0x0000008c   Code   RO          543    i.update_data_from_joystick  menu.o
    0x08003834   0x08003834   0x00000034   Code   RO          544    i.update_menu       menu.o
    0x08003868   0x08003868   0x000000b8   Code   RO          545    i.update_recieve_data_from_orbitron  menu.o
    0x08003920   0x08003920   0x0000009c   Code   RO          546    i.update_recieve_data_from_ppu  menu.o
    0x080039bc   0x080039bc   0x00000019   Data   RO         4248    .constdata          system_stm32l0xx.o
    0x080039d5   0x080039d5   0x00000008   Data   RO         4249    .constdata          system_stm32l0xx.o
    0x080039dd   0x080039dd   0x00000003   PAD
    0x080039e0   0x080039e0   0x00000020   Data   RO         4592    Region$$Table       anon$$obj.o


    Execution Region RW_IRAM1 (Exec base: 0x20000000, Load base: 0x08003a00, Size: 0x000006e0, Max: 0x00002000, ABSOLUTE)

    Exec Addr    Load Addr    Size         Type   Attr      Idx    E Section Name        Object

    0x20000000   0x08003a00   0x00000008   Data   RW           23    .data               main.o
    0x20000008   0x08003a08   0x00000070   Data   RW          420    .data               main_loop.o
    0x20000078   0x08003a78   0x00000020   Data   RW          549    .data               menu.o
    0x20000098   0x08003a98   0x0000000c   Data   RW         1142    .data               stm32l0xx_hal.o
    0x200000a4   0x08003aa4   0x00000004   Data   RW         4250    .data               system_stm32l0xx.o
    0x200000a8        -       0x000001f4   Zero   RW           21    .bss                main.o
    0x2000029c        -       0x0000003e   Zero   RW          418    .bss                main_loop.o
    0x200002da   0x08003aa8   0x00000006   PAD
    0x200002e0        -       0x00000400   Zero   RW            1    STACK               startup_stm32l051xx.o


==============================================================================

Image component sizes


      Code (inc. data)   RO Data    RW Data    ZI Data      Debug   Object Name

        32          4          0          0          0        461   buzzer.o
       578         16          0          0          0       4492   lcd.o
      1228        104          0          8        500     346963   main.o
      1576        244          0        112         62      21375   main_loop.o
       892        174          0         32          0       5857   menu.o
        28          8        192          0       1024        600   startup_stm32l051xx.o
       172         28          0         12          0       8389   stm32l0xx_hal.o
      1308         38          0          0          0       8219   stm32l0xx_hal_adc.o
       178          0          0          0          0       1366   stm32l0xx_hal_adc_ex.o
       180         30          0          0          0      12583   stm32l0xx_hal_cortex.o
       144          0          0          0          0       1627   stm32l0xx_hal_dma.o
       494         36          0          0          0       3727   stm32l0xx_hal_gpio.o
       124         20          0          0          0       1767   stm32l0xx_hal_iwdg.o
         4          0          0          0          0       1089   stm32l0xx_hal_msp.o
      1706         90          0          0          0       5496   stm32l0xx_hal_rcc.o
       356         14          0          0          0       1372   stm32l0xx_hal_rcc_ex.o
      1604         38          0          0          0      16316   stm32l0xx_hal_tim.o
        88         10          0          0          0       1152   stm32l0xx_hal_tim_ex.o
      3032        100          0          0          0      22852   stm32l0xx_hal_uart.o
         2          0          0          0          0        936   stm32l0xx_hal_uart_ex.o
       106         20          0          0          0       4137   stm32l0xx_it.o
         2          0         33          4          0       1079   system_stm32l0xx.o

    ----------------------------------------------------------------------
     13864        974        260        168       1592     471855   Object Totals
         0          0         32          0          0          0   (incl. Generated)
        30          0          3          0          6          0   (incl. Padding)

    ----------------------------------------------------------------------

      Code (inc. data)   RO Data    RW Data    ZI Data      Debug   Library Member Name

         0          0          0          0          0          0   entry.o
         0          0          0          0          0          0   entry10a.o
         0          0          0          0          0          0   entry11a.o
         4          0          0          0          0          0   entry12b.o
         8          4          0          0          0          0   entry2.o
         4          0          0          0          0          0   entry5.o
         0          0          0          0          0          0   entry7b.o
         0          0          0          0          0          0   entry8b.o
         8          4          0          0          0          0   entry9a.o
        30          0          0          0          0          0   handlers.o
        36          8          0          0          0         68   init.o
        32          0          0          0          0         68   llshl.o
        34          0          0          0          0         68   llushr.o
        36          0          0          0          0        100   memseta.o
       386          8          0          0          0        228   printf1.o
        44          0          0          0          0         72   uidiv.o
        96          0          0          0          0         84   uldiv.o

    ----------------------------------------------------------------------
       724         24          0          0          0        688   Library Totals
         6          0          0          0          0          0   (incl. Padding)

    ----------------------------------------------------------------------

      Code (inc. data)   RO Data    RW Data    ZI Data      Debug   Library Name

       718         24          0          0          0        688   mc_p.l

    ----------------------------------------------------------------------
       724         24          0          0          0        688   Library Totals

    ----------------------------------------------------------------------

==============================================================================


      Code (inc. data)   RO Data    RW Data    ZI Data      Debug   

     14588        998        260        168       1592     466315   Grand Totals
     14588        998        260        168       1592     466315   ELF Image Totals
     14588        998        260        168          0          0   ROM Totals

==============================================================================

    Total RO  Size (Code + RO Data)                14848 (  14.50kB)
    Total RW  Size (RW Data + ZI Data)              1760 (   1.72kB)
    Total ROM Size (Code + RO Data + RW Data)      15016 (  14.66kB)

==============================================================================

